C:\Program Files\Microsoft Visual Studio\2022\Community\MSBuild\Microsoft\VC\v170\Microsoft.CppBuild.targets(517,5): warning MSB8004: Output Directory does not end with a trailing slash.  This build instance will add the slash as it is required to allow proper evaluation of the Output Directory.
  g_ai.c
  g_chase.c
C:\Users\marcm\Downloads\New folder (3)\quake2-full\game\g_ai.c(110,6): warning C4127: conditional expression is constant
C:\Users\marcm\Downloads\New folder (3)\quake2-full\game\g_ai.c(167,6): warning C4127: conditional expression is constant
C:\Users\marcm\Downloads\New folder (3)\quake2-full\game\g_ai.c(778,47): warning C4100: 'dist': unreferenced formal parameter
C:\Users\marcm\Downloads\New folder (3)\quake2-full\game\g_ai.c(933,6): warning C4127: conditional expression is constant
  g_cmds.c
C:\Users\marcm\Downloads\New folder (3)\quake2-full\game\g_cmds.c(34,2): warning C4996: 'strcpy': This function or variable may be unsafe. Consider using strcpy_s instead. To disable deprecation, use _CRT_SECURE_NO_WARNINGS. See online help for details.
C:\Users\marcm\Downloads\New folder (3)\quake2-full\game\g_cmds.c(57,2): warning C4996: 'strcpy': This function or variable may be unsafe. Consider using strcpy_s instead. To disable deprecation, use _CRT_SECURE_NO_WARNINGS. See online help for details.
C:\Users\marcm\Downloads\New folder (3)\quake2-full\game\g_cmds.c(58,2): warning C4996: 'strcpy': This function or variable may be unsafe. Consider using strcpy_s instead. To disable deprecation, use _CRT_SECURE_NO_WARNINGS. See online help for details.
C:\Users\marcm\Downloads\New folder (3)\quake2-full\game\g_cmds.c(722,4): warning C4996: 'strcat': This function or variable may be unsafe. Consider using strcat_s instead. To disable deprecation, use _CRT_SECURE_NO_WARNINGS. See online help for details.
C:\Users\marcm\Downloads\New folder (3)\quake2-full\game\g_cmds.c(725,3): warning C4996: 'strcat': This function or variable may be unsafe. Consider using strcat_s instead. To disable deprecation, use _CRT_SECURE_NO_WARNINGS. See online help for details.
C:\Users\marcm\Downloads\New folder (3)\quake2-full\game\g_cmds.c(808,3): warning C4996: 'strcat': This function or variable may be unsafe. Consider using strcat_s instead. To disable deprecation, use _CRT_SECURE_NO_WARNINGS. See online help for details.
C:\Users\marcm\Downloads\New folder (3)\quake2-full\game\g_cmds.c(809,3): warning C4996: 'strcat': This function or variable may be unsafe. Consider using strcat_s instead. To disable deprecation, use _CRT_SECURE_NO_WARNINGS. See online help for details.
C:\Users\marcm\Downloads\New folder (3)\quake2-full\game\g_cmds.c(810,3): warning C4996: 'strcat': This function or variable may be unsafe. Consider using strcat_s instead. To disable deprecation, use _CRT_SECURE_NO_WARNINGS. See online help for details.
C:\Users\marcm\Downloads\New folder (3)\quake2-full\game\g_cmds.c(821,3): warning C4996: 'strcat': This function or variable may be unsafe. Consider using strcat_s instead. To disable deprecation, use _CRT_SECURE_NO_WARNINGS. See online help for details.
C:\Users\marcm\Downloads\New folder (3)\quake2-full\game\g_cmds.c(828,2): warning C4996: 'strcat': This function or variable may be unsafe. Consider using strcat_s instead. To disable deprecation, use _CRT_SECURE_NO_WARNINGS. See online help for details.
C:\Users\marcm\Downloads\New folder (3)\quake2-full\game\g_cmds.c(875,7): warning C4459: declaration of 'st' hides global declaration
      C:\Users\marcm\Downloads\New folder (3)\quake2-full\game\g_local.h(456,21):
      see declaration of 'st'
  
C:\Users\marcm\Downloads\New folder (3)\quake2-full\game\g_cmds.c(897,3): warning C4996: 'strcat': This function or variable may be unsafe. Consider using strcat_s instead. To disable deprecation, use _CRT_SECURE_NO_WARNINGS. See online help for details.
C:\Users\marcm\Downloads\New folder (3)\quake2-full\game\g_cmds.c(885,3): warning C4996: 'sprintf': This function or variable may be unsafe. Consider using sprintf_s instead. To disable deprecation, use _CRT_SECURE_NO_WARNINGS. See online help for details.
C:\Users\marcm\Downloads\New folder (3)\quake2-full\game\g_cmds.c(893,4): warning C4996: 'sprintf': This function or variable may be unsafe. Consider using sprintf_s instead. To disable deprecation, use _CRT_SECURE_NO_WARNINGS. See online help for details.
C:\Users\marcm\Downloads\New folder (3)\quake2-full\game\g_cmds.c(994,2): warning C4013: 'ED_CallSpawn' undefined; assuming extern returning int
  g_combat.c
C:\Users\marcm\Downloads\New folder (3)\quake2-full\game\g_combat.c(370,51): warning C4100: 'attacker': unreferenced formal parameter
C:\Users\marcm\Downloads\New folder (3)\quake2-full\game\g_combat.c(370,36): warning C4100: 'targ': unreferenced formal parameter
C:\Users\marcm\Downloads\New folder (3)\quake2-full\game\g_combat.c(742,14): warning C4047: '=': 'char' differs in levels of indirection from 'char [2]'
C:\Users\marcm\Downloads\New folder (3)\quake2-full\game\g_combat.c(744,14): warning C4047: '=': 'char' differs in levels of indirection from 'char [2]'
C:\Users\marcm\Downloads\New folder (3)\quake2-full\game\g_combat.c(747,13): warning C4047: '=': 'char' differs in levels of indirection from 'char [2]'
C:\Users\marcm\Downloads\New folder (3)\quake2-full\game\g_combat.c(781,2): warning C4013: 'ED_CallSpawn' undefined; assuming extern returning int
C:\Users\marcm\Downloads\New folder (3)\quake2-full\game\g_combat.c(790,18): warning C4133: 'function': incompatible types - from 'char [16]' to 'edict_t *'
C:\Users\marcm\Downloads\New folder (3)\quake2-full\game\g_combat.c(866,5): warning C4996: 'strcat': This function or variable may be unsafe. Consider using strcat_s instead. To disable deprecation, use _CRT_SECURE_NO_WARNINGS. See online help for details.
C:\Users\marcm\Downloads\New folder (3)\quake2-full\game\g_combat.c(940,3): warning C4996: 'strcat': This function or variable may be unsafe. Consider using strcat_s instead. To disable deprecation, use _CRT_SECURE_NO_WARNINGS. See online help for details.
C:\Users\marcm\Downloads\New folder (3)\quake2-full\game\g_combat.c(952,3): warning C4996: 'strcat': This function or variable may be unsafe. Consider using strcat_s instead. To disable deprecation, use _CRT_SECURE_NO_WARNINGS. See online help for details.
C:\Users\marcm\Downloads\New folder (3)\quake2-full\game\g_combat.c(991,12): warning C4047: 'function': 'char *const ' differs in levels of indirection from 'char *[360]'
C:\Users\marcm\Downloads\New folder (3)\quake2-full\game\g_combat.c(991,12): warning C4024: 'snprintf': different types for formal and actual parameter 1
C:\Users\marcm\Downloads\New folder (3)\quake2-full\game\g_combat.c(994,14): warning C4047: 'function': 'char *const ' differs in levels of indirection from 'char *[360]'
C:\Users\marcm\Downloads\New folder (3)\quake2-full\game\g_combat.c(994,14): warning C4024: 'snprintf': different types for formal and actual parameter 1
C:\Users\marcm\Downloads\New folder (3)\quake2-full\game\g_combat.c(999,21): warning C4133: 'function': incompatible types - from 'char [19]' to 'edict_t *'
C:\Users\marcm\Downloads\New folder (3)\quake2-full\game\g_combat.c(1007,21): warning C4133: 'function': incompatible types - from 'char [32]' to 'edict_t *'
C:\Users\marcm\Downloads\New folder (3)\quake2-full\game\g_combat.c(1015,14): warning C4047: 'function': 'char *const ' differs in levels of indirection from 'char *[360]'
C:\Users\marcm\Downloads\New folder (3)\quake2-full\game\g_combat.c(1015,14): warning C4024: 'snprintf': different types for formal and actual parameter 1
C:\Users\marcm\Downloads\New folder (3)\quake2-full\game\g_combat.c(1019,21): warning C4133: 'function': incompatible types - from 'char [20]' to 'edict_t *'
C:\Users\marcm\Downloads\New folder (3)\quake2-full\game\g_combat.c(1025,12): warning C4047: 'function': 'char *const ' differs in levels of indirection from 'char *[360]'
C:\Users\marcm\Downloads\New folder (3)\quake2-full\game\g_combat.c(1025,12): warning C4024: 'snprintf': different types for formal and actual parameter 1
C:\Users\marcm\Downloads\New folder (3)\quake2-full\game\g_combat.c(1026,3): warning C4996: 'strcat': This function or variable may be unsafe. Consider using strcat_s instead. To disable deprecation, use _CRT_SECURE_NO_WARNINGS. See online help for details.
C:\Users\marcm\Downloads\New folder (3)\quake2-full\game\g_combat.c(1026,10): warning C4047: 'function': 'char *' differs in levels of indirection from 'char *[360]'
C:\Users\marcm\Downloads\New folder (3)\quake2-full\game\g_combat.c(1026,10): warning C4024: 'strcat': different types for formal and actual parameter 1
C:\Users\marcm\Downloads\New folder (3)\quake2-full\game\g_combat.c(1026,18): warning C4047: 'function': 'const char *' differs in levels of indirection from 'char *[360]'
C:\Users\marcm\Downloads\New folder (3)\quake2-full\game\g_combat.c(1026,18): warning C4024: 'strcat': different types for formal and actual parameter 2
C:\Users\marcm\Downloads\New folder (3)\quake2-full\game\g_combat.c(1045,13): warning C4047: 'function': 'char *const ' differs in levels of indirection from 'char *[360]'
C:\Users\marcm\Downloads\New folder (3)\quake2-full\game\g_combat.c(1045,13): warning C4024: 'snprintf': different types for formal and actual parameter 1
C:\Users\marcm\Downloads\New folder (3)\quake2-full\game\g_combat.c(1046,4): warning C4996: 'strcat': This function or variable may be unsafe. Consider using strcat_s instead. To disable deprecation, use _CRT_SECURE_NO_WARNINGS. See online help for details.
C:\Users\marcm\Downloads\New folder (3)\quake2-full\game\g_combat.c(1046,11): warning C4047: 'function': 'char *' differs in levels of indirection from 'char *[360]'
C:\Users\marcm\Downloads\New folder (3)\quake2-full\game\g_combat.c(1046,11): warning C4024: 'strcat': different types for formal and actual parameter 1
C:\Users\marcm\Downloads\New folder (3)\quake2-full\game\g_combat.c(1046,19): warning C4047: 'function': 'const char *' differs in levels of indirection from 'char *[360]'
C:\Users\marcm\Downloads\New folder (3)\quake2-full\game\g_combat.c(1046,19): warning C4024: 'strcat': different types for formal and actual parameter 2
C:\Users\marcm\Downloads\New folder (3)\quake2-full\game\g_combat.c(1048,29): warning C4047: 'function': 'char *' differs in levels of indirection from 'char *[360]'
C:\Users\marcm\Downloads\New folder (3)\quake2-full\game\g_combat.c(1048,29): warning C4024: 'gi': different types for formal and actual parameter 2
C:\Users\marcm\Downloads\New folder (3)\quake2-full\game\g_combat.c(1113,6): warning C4996: 'strcat': This function or variable may be unsafe. Consider using strcat_s instead. To disable deprecation, use _CRT_SECURE_NO_WARNINGS. See online help for details.
C:\Users\marcm\Downloads\New folder (3)\quake2-full\game\g_combat.c(1113,13): warning C4047: 'function': 'char *' differs in levels of indirection from 'char *[360]'
C:\Users\marcm\Downloads\New folder (3)\quake2-full\game\g_combat.c(1113,13): warning C4024: 'strcat': different types for formal and actual parameter 1
C:\Users\marcm\Downloads\New folder (3)\quake2-full\game\g_combat.c(1116,6): warning C4996: 'strcat': This function or variable may be unsafe. Consider using strcat_s instead. To disable deprecation, use _CRT_SECURE_NO_WARNINGS. See online help for details.
C:\Users\marcm\Downloads\New folder (3)\quake2-full\game\g_combat.c(1116,13): warning C4047: 'function': 'char *' differs in levels of indirection from 'char *[360]'
C:\Users\marcm\Downloads\New folder (3)\quake2-full\game\g_combat.c(1116,13): warning C4024: 'strcat': different types for formal and actual parameter 1
C:\Users\marcm\Downloads\New folder (3)\quake2-full\game\g_combat.c(1120,6): warning C4996: 'strcat': This function or variable may be unsafe. Consider using strcat_s instead. To disable deprecation, use _CRT_SECURE_NO_WARNINGS. See online help for details.
C:\Users\marcm\Downloads\New folder (3)\quake2-full\game\g_combat.c(1120,13): warning C4047: 'function': 'char *' differs in levels of indirection from 'char *[360]'
C:\Users\marcm\Downloads\New folder (3)\quake2-full\game\g_combat.c(1120,13): warning C4024: 'strcat': different types for formal and actual parameter 1
C:\Users\marcm\Downloads\New folder (3)\quake2-full\game\g_combat.c(1128,14): warning C4047: 'function': 'char *const ' differs in levels of indirection from 'char *[360]'
C:\Users\marcm\Downloads\New folder (3)\quake2-full\game\g_combat.c(1128,14): warning C4024: 'snprintf': different types for formal and actual parameter 1
C:\Users\marcm\Downloads\New folder (3)\quake2-full\game\g_combat.c(1130,27): warning C4047: 'function': 'char *const ' differs in levels of indirection from 'char *[360]'
C:\Users\marcm\Downloads\New folder (3)\quake2-full\game\g_combat.c(1130,27): warning C4024: 'snprintf': different types for formal and actual parameter 1
C:\Users\marcm\Downloads\New folder (3)\quake2-full\game\g_combat.c(1131,27): warning C4047: 'function': 'char *const ' differs in levels of indirection from 'char *[360]'
C:\Users\marcm\Downloads\New folder (3)\quake2-full\game\g_combat.c(1131,27): warning C4024: 'snprintf': different types for formal and actual parameter 1
C:\Users\marcm\Downloads\New folder (3)\quake2-full\game\g_combat.c(1132,27): warning C4047: 'function': 'char *const ' differs in levels of indirection from 'char *[360]'
C:\Users\marcm\Downloads\New folder (3)\quake2-full\game\g_combat.c(1132,27): warning C4024: 'snprintf': different types for formal and actual parameter 1
C:\Users\marcm\Downloads\New folder (3)\quake2-full\game\g_combat.c(1133,30): warning C4047: 'function': 'char *const ' differs in levels of indirection from 'char *[360]'
C:\Users\marcm\Downloads\New folder (3)\quake2-full\game\g_combat.c(1133,30): warning C4024: 'snprintf': different types for formal and actual parameter 1
C:\Users\marcm\Downloads\New folder (3)\quake2-full\game\g_combat.c(1134,29): warning C4047: 'function': 'char *const ' differs in levels of indirection from 'char *[360]'
C:\Users\marcm\Downloads\New folder (3)\quake2-full\game\g_combat.c(1134,29): warning C4024: 'snprintf': different types for formal and actual parameter 1
C:\Users\marcm\Downloads\New folder (3)\quake2-full\game\g_combat.c(1137,5): warning C4996: 'strcat': This function or variable may be unsafe. Consider using strcat_s instead. To disable deprecation, use _CRT_SECURE_NO_WARNINGS. See online help for details.
C:\Users\marcm\Downloads\New folder (3)\quake2-full\game\g_combat.c(1137,12): warning C4047: 'function': 'char *' differs in levels of indirection from 'char *[360]'
C:\Users\marcm\Downloads\New folder (3)\quake2-full\game\g_combat.c(1137,12): warning C4024: 'strcat': different types for formal and actual parameter 1
C:\Users\marcm\Downloads\New folder (3)\quake2-full\game\g_combat.c(1137,20): warning C4047: 'function': 'const char *' differs in levels of indirection from 'char *[360]'
C:\Users\marcm\Downloads\New folder (3)\quake2-full\game\g_combat.c(1137,20): warning C4024: 'strcat': different types for formal and actual parameter 2
C:\Users\marcm\Downloads\New folder (3)\quake2-full\game\g_combat.c(1143,13): warning C4047: 'function': 'char *const ' differs in levels of indirection from 'char *[360]'
C:\Users\marcm\Downloads\New folder (3)\quake2-full\game\g_combat.c(1143,13): warning C4024: 'snprintf': different types for formal and actual parameter 1
C:\Users\marcm\Downloads\New folder (3)\quake2-full\game\g_combat.c(1144,4): warning C4996: 'strcat': This function or variable may be unsafe. Consider using strcat_s instead. To disable deprecation, use _CRT_SECURE_NO_WARNINGS. See online help for details.
C:\Users\marcm\Downloads\New folder (3)\quake2-full\game\g_combat.c(1144,11): warning C4047: 'function': 'char *' differs in levels of indirection from 'char *[360]'
C:\Users\marcm\Downloads\New folder (3)\quake2-full\game\g_combat.c(1144,11): warning C4024: 'strcat': different types for formal and actual parameter 1
C:\Users\marcm\Downloads\New folder (3)\quake2-full\game\g_combat.c(1144,19): warning C4047: 'function': 'const char *' differs in levels of indirection from 'char *[360]'
C:\Users\marcm\Downloads\New folder (3)\quake2-full\game\g_combat.c(1144,19): warning C4024: 'strcat': different types for formal and actual parameter 2
C:\Users\marcm\Downloads\New folder (3)\quake2-full\game\g_combat.c(1149,13): warning C4047: 'function': 'char *const ' differs in levels of indirection from 'char *[360]'
C:\Users\marcm\Downloads\New folder (3)\quake2-full\game\g_combat.c(1149,13): warning C4024: 'snprintf': different types for formal and actual parameter 1
C:\Users\marcm\Downloads\New folder (3)\quake2-full\game\g_combat.c(1150,4): warning C4996: 'strcat': This function or variable may be unsafe. Consider using strcat_s instead. To disable deprecation, use _CRT_SECURE_NO_WARNINGS. See online help for details.
C:\Users\marcm\Downloads\New folder (3)\quake2-full\game\g_combat.c(1150,11): warning C4047: 'function': 'char *' differs in levels of indirection from 'char *[360]'
C:\Users\marcm\Downloads\New folder (3)\quake2-full\game\g_combat.c(1150,11): warning C4024: 'strcat': different types for formal and actual parameter 1
C:\Users\marcm\Downloads\New folder (3)\quake2-full\game\g_combat.c(1150,19): warning C4047: 'function': 'const char *' differs in levels of indirection from 'char *[360]'
C:\Users\marcm\Downloads\New folder (3)\quake2-full\game\g_combat.c(1150,19): warning C4024: 'strcat': different types for formal and actual parameter 2
C:\Users\marcm\Downloads\New folder (3)\quake2-full\game\g_combat.c(1153,4): warning C4996: 'strcat': This function or variable may be unsafe. Consider using strcat_s instead. To disable deprecation, use _CRT_SECURE_NO_WARNINGS. See online help for details.
C:\Users\marcm\Downloads\New folder (3)\quake2-full\game\g_combat.c(1153,11): warning C4047: 'function': 'char *' differs in levels of indirection from 'char *[360]'
C:\Users\marcm\Downloads\New folder (3)\quake2-full\game\g_combat.c(1153,11): warning C4024: 'strcat': different types for formal and actual parameter 1
C:\Users\marcm\Downloads\New folder (3)\quake2-full\game\g_combat.c(1154,4): warning C4996: 'strcat': This function or variable may be unsafe. Consider using strcat_s instead. To disable deprecation, use _CRT_SECURE_NO_WARNINGS. See online help for details.
C:\Users\marcm\Downloads\New folder (3)\quake2-full\game\g_combat.c(1154,11): warning C4047: 'function': 'char *' differs in levels of indirection from 'char *[360]'
C:\Users\marcm\Downloads\New folder (3)\quake2-full\game\g_combat.c(1154,11): warning C4024: 'strcat': different types for formal and actual parameter 1
C:\Users\marcm\Downloads\New folder (3)\quake2-full\game\g_combat.c(1167,3): warning C4996: 'strcat': This function or variable may be unsafe. Consider using strcat_s instead. To disable deprecation, use _CRT_SECURE_NO_WARNINGS. See online help for details.
C:\Users\marcm\Downloads\New folder (3)\quake2-full\game\g_combat.c(1167,10): warning C4047: 'function': 'char *' differs in levels of indirection from 'char *[360]'
C:\Users\marcm\Downloads\New folder (3)\quake2-full\game\g_combat.c(1167,10): warning C4024: 'strcat': different types for formal and actual parameter 1
C:\Users\marcm\Downloads\New folder (3)\quake2-full\game\g_combat.c(1169,28): warning C4047: 'function': 'char *' differs in levels of indirection from 'char *[360]'
C:\Users\marcm\Downloads\New folder (3)\quake2-full\game\g_combat.c(1169,28): warning C4024: 'gi': different types for formal and actual parameter 2
C:\Users\marcm\Downloads\New folder (3)\quake2-full\game\g_combat.c(1214,11): warning C4047: 'function': 'char *const ' differs in levels of indirection from 'char *[360]'
C:\Users\marcm\Downloads\New folder (3)\quake2-full\game\g_combat.c(1214,11): warning C4024: 'snprintf': different types for formal and actual parameter 1
C:\Users\marcm\Downloads\New folder (3)\quake2-full\game\g_combat.c(1221,4): warning C4996: 'strcat': This function or variable may be unsafe. Consider using strcat_s instead. To disable deprecation, use _CRT_SECURE_NO_WARNINGS. See online help for details.
C:\Users\marcm\Downloads\New folder (3)\quake2-full\game\g_combat.c(1221,11): warning C4047: 'function': 'char *' differs in levels of indirection from 'char *[360]'
C:\Users\marcm\Downloads\New folder (3)\quake2-full\game\g_combat.c(1221,11): warning C4024: 'strcat': different types for formal and actual parameter 1
C:\Users\marcm\Downloads\New folder (3)\quake2-full\game\g_combat.c(1233,5): warning C4996: 'strcat': This function or variable may be unsafe. Consider using strcat_s instead. To disable deprecation, use _CRT_SECURE_NO_WARNINGS. See online help for details.
C:\Users\marcm\Downloads\New folder (3)\quake2-full\game\g_combat.c(1233,12): warning C4047: 'function': 'char *' differs in levels of indirection from 'char *[360]'
C:\Users\marcm\Downloads\New folder (3)\quake2-full\game\g_combat.c(1233,12): warning C4024: 'strcat': different types for formal and actual parameter 1
C:\Users\marcm\Downloads\New folder (3)\quake2-full\game\g_combat.c(1240,4): warning C4996: 'strcat': This function or variable may be unsafe. Consider using strcat_s instead. To disable deprecation, use _CRT_SECURE_NO_WARNINGS. See online help for details.
C:\Users\marcm\Downloads\New folder (3)\quake2-full\game\g_combat.c(1240,11): warning C4047: 'function': 'char *' differs in levels of indirection from 'char *[360]'
C:\Users\marcm\Downloads\New folder (3)\quake2-full\game\g_combat.c(1240,11): warning C4024: 'strcat': different types for formal and actual parameter 1
C:\Users\marcm\Downloads\New folder (3)\quake2-full\game\g_combat.c(1248,4): warning C4996: 'strcat': This function or variable may be unsafe. Consider using strcat_s instead. To disable deprecation, use _CRT_SECURE_NO_WARNINGS. See online help for details.
C:\Users\marcm\Downloads\New folder (3)\quake2-full\game\g_combat.c(1248,11): warning C4047: 'function': 'char *' differs in levels of indirection from 'char *[360]'
C:\Users\marcm\Downloads\New folder (3)\quake2-full\game\g_combat.c(1248,11): warning C4024: 'strcat': different types for formal and actual parameter 1
C:\Users\marcm\Downloads\New folder (3)\quake2-full\game\g_combat.c(1266,4): warning C4996: 'strcat': This function or variable may be unsafe. Consider using strcat_s instead. To disable deprecation, use _CRT_SECURE_NO_WARNINGS. See online help for details.
C:\Users\marcm\Downloads\New folder (3)\quake2-full\game\g_combat.c(1266,11): warning C4047: 'function': 'char *' differs in levels of indirection from 'char *[360]'
C:\Users\marcm\Downloads\New folder (3)\quake2-full\game\g_combat.c(1266,11): warning C4024: 'strcat': different types for formal and actual parameter 1
C:\Users\marcm\Downloads\New folder (3)\quake2-full\game\g_combat.c(1272,3): warning C4996: 'strcat': This function or variable may be unsafe. Consider using strcat_s instead. To disable deprecation, use _CRT_SECURE_NO_WARNINGS. See online help for details.
C:\Users\marcm\Downloads\New folder (3)\quake2-full\game\g_combat.c(1272,10): warning C4047: 'function': 'char *' differs in levels of indirection from 'char *[360]'
C:\Users\marcm\Downloads\New folder (3)\quake2-full\game\g_combat.c(1272,10): warning C4024: 'strcat': different types for formal and actual parameter 1
C:\Users\marcm\Downloads\New folder (3)\quake2-full\game\g_combat.c(1275,27): warning C4047: 'function': 'char *' differs in levels of indirection from 'char *[360]'
C:\Users\marcm\Downloads\New folder (3)\quake2-full\game\g_combat.c(1275,27): warning C4024: 'gi': different types for formal and actual parameter 2
C:\Users\marcm\Downloads\New folder (3)\quake2-full\game\g_combat.c(1306,3): warning C4996: 'strcat': This function or variable may be unsafe. Consider using strcat_s instead. To disable deprecation, use _CRT_SECURE_NO_WARNINGS. See online help for details.
C:\Users\marcm\Downloads\New folder (3)\quake2-full\game\g_combat.c(1326,44): warning C4047: 'function': 'vec_t *' differs in levels of indirection from 'int'
C:\Users\marcm\Downloads\New folder (3)\quake2-full\game\g_combat.c(1326,44): warning C4024: 'Killed': different types for formal and actual parameter 5
C:\Users\marcm\Downloads\New folder (3)\quake2-full\game\g_combat.c(1327,4): warning C4996: 'strcat': This function or variable may be unsafe. Consider using strcat_s instead. To disable deprecation, use _CRT_SECURE_NO_WARNINGS. See online help for details.
C:\Users\marcm\Downloads\New folder (3)\quake2-full\game\g_combat.c(1328,4): warning C4996: 'strcat': This function or variable may be unsafe. Consider using strcat_s instead. To disable deprecation, use _CRT_SECURE_NO_WARNINGS. See online help for details.
C:\Users\marcm\Downloads\New folder (3)\quake2-full\game\g_combat.c(1332,3): warning C4996: 'strcat': This function or variable may be unsafe. Consider using strcat_s instead. To disable deprecation, use _CRT_SECURE_NO_WARNINGS. See online help for details.
C:\Users\marcm\Downloads\New folder (3)\quake2-full\game\g_combat.c(1391,11): warning C4047: 'function': 'char *const ' differs in levels of indirection from 'char *[360]'
C:\Users\marcm\Downloads\New folder (3)\quake2-full\game\g_combat.c(1391,11): warning C4024: 'snprintf': different types for formal and actual parameter 1
C:\Users\marcm\Downloads\New folder (3)\quake2-full\game\g_combat.c(1392,2): warning C4996: 'strcat': This function or variable may be unsafe. Consider using strcat_s instead. To disable deprecation, use _CRT_SECURE_NO_WARNINGS. See online help for details.
C:\Users\marcm\Downloads\New folder (3)\quake2-full\game\g_combat.c(1392,17): warning C4047: 'function': 'const char *' differs in levels of indirection from 'char *[360]'
C:\Users\marcm\Downloads\New folder (3)\quake2-full\game\g_combat.c(1392,17): warning C4024: 'strcat': different types for formal and actual parameter 2
C:\Users\marcm\Downloads\New folder (3)\quake2-full\game\g_combat.c(1397,12): warning C4047: 'function': 'char *const ' differs in levels of indirection from 'char *[360]'
C:\Users\marcm\Downloads\New folder (3)\quake2-full\game\g_combat.c(1397,12): warning C4024: 'snprintf': different types for formal and actual parameter 1
C:\Users\marcm\Downloads\New folder (3)\quake2-full\game\g_combat.c(1398,3): warning C4996: 'strcat': This function or variable may be unsafe. Consider using strcat_s instead. To disable deprecation, use _CRT_SECURE_NO_WARNINGS. See online help for details.
C:\Users\marcm\Downloads\New folder (3)\quake2-full\game\g_combat.c(1398,18): warning C4047: 'function': 'const char *' differs in levels of indirection from 'char *[360]'
C:\Users\marcm\Downloads\New folder (3)\quake2-full\game\g_combat.c(1398,18): warning C4024: 'strcat': different types for formal and actual parameter 2
C:\Users\marcm\Downloads\New folder (3)\quake2-full\game\g_combat.c(1401,27): warning C4047: 'function': 'pokemonStruct *' differs in levels of indirection from 'pokemonStruct **'
C:\Users\marcm\Downloads\New folder (3)\quake2-full\game\g_combat.c(1401,27): warning C4024: 'evolvePokemon': different types for formal and actual parameter 2
C:\Users\marcm\Downloads\New folder (3)\quake2-full\game\g_combat.c(1413,16): warning C4047: 'function': 'char *const ' differs in levels of indirection from 'char *[360]'
C:\Users\marcm\Downloads\New folder (3)\quake2-full\game\g_combat.c(1413,16): warning C4024: 'snprintf': different types for formal and actual parameter 1
C:\Users\marcm\Downloads\New folder (3)\quake2-full\game\g_combat.c(1414,7): warning C4996: 'strcat': This function or variable may be unsafe. Consider using strcat_s instead. To disable deprecation, use _CRT_SECURE_NO_WARNINGS. See online help for details.
C:\Users\marcm\Downloads\New folder (3)\quake2-full\game\g_combat.c(1414,22): warning C4047: 'function': 'const char *' differs in levels of indirection from 'char *[360]'
C:\Users\marcm\Downloads\New folder (3)\quake2-full\game\g_combat.c(1414,22): warning C4024: 'strcat': different types for formal and actual parameter 2
C:\Users\marcm\Downloads\New folder (3)\quake2-full\game\g_combat.c(1421,14): warning C4047: 'function': 'char *const ' differs in levels of indirection from 'char *[360]'
C:\Users\marcm\Downloads\New folder (3)\quake2-full\game\g_combat.c(1421,14): warning C4024: 'snprintf': different types for formal and actual parameter 1
C:\Users\marcm\Downloads\New folder (3)\quake2-full\game\g_combat.c(1422,5): warning C4996: 'strcat': This function or variable may be unsafe. Consider using strcat_s instead. To disable deprecation, use _CRT_SECURE_NO_WARNINGS. See online help for details.
C:\Users\marcm\Downloads\New folder (3)\quake2-full\game\g_combat.c(1422,20): warning C4047: 'function': 'const char *' differs in levels of indirection from 'char *[360]'
C:\Users\marcm\Downloads\New folder (3)\quake2-full\game\g_combat.c(1422,20): warning C4024: 'strcat': different types for formal and actual parameter 2
C:\Users\marcm\Downloads\New folder (3)\quake2-full\game\g_combat.c(1439,54): warning C4028: formal parameter 2 different from declaration
C:\Users\marcm\Downloads\New folder (3)\quake2-full\game\g_combat.c(1456,11): warning C4047: 'function': 'char *const ' differs in levels of indirection from 'char *[360]'
C:\Users\marcm\Downloads\New folder (3)\quake2-full\game\g_combat.c(1456,11): warning C4024: 'snprintf': different types for formal and actual parameter 1
C:\Users\marcm\Downloads\New folder (3)\quake2-full\game\g_combat.c(1457,2): warning C4996: 'strcat': This function or variable may be unsafe. Consider using strcat_s instead. To disable deprecation, use _CRT_SECURE_NO_WARNINGS. See online help for details.
C:\Users\marcm\Downloads\New folder (3)\quake2-full\game\g_combat.c(1457,17): warning C4047: 'function': 'const char *' differs in levels of indirection from 'char *[360]'
C:\Users\marcm\Downloads\New folder (3)\quake2-full\game\g_combat.c(1457,17): warning C4024: 'strcat': different types for formal and actual parameter 2
  g_func.c
C:\Users\marcm\Downloads\New folder (3)\quake2-full\game\g_func.c(428,55): warning C4100: 'activator': unreferenced formal parameter
C:\Users\marcm\Downloads\New folder (3)\quake2-full\game\g_func.c(428,39): warning C4100: 'other': unreferenced formal parameter
C:\Users\marcm\Downloads\New folder (3)\quake2-full\game\g_func.c(436,84): warning C4100: 'surf': unreferenced formal parameter
C:\Users\marcm\Downloads\New folder (3)\quake2-full\game\g_func.c(436,65): warning C4100: 'plane': unreferenced formal parameter
C:\Users\marcm\Downloads\New folder (3)\quake2-full\game\g_func.c(600,82): warning C4100: 'surf': unreferenced formal parameter
C:\Users\marcm\Downloads\New folder (3)\quake2-full\game\g_func.c(600,63): warning C4100: 'plane': unreferenced formal parameter
C:\Users\marcm\Downloads\New folder (3)\quake2-full\game\g_func.c(606,60): warning C4100: 'activator': unreferenced formal parameter
C:\Users\marcm\Downloads\New folder (3)\quake2-full\game\g_func.c(606,44): warning C4100: 'other': unreferenced formal parameter
C:\Users\marcm\Downloads\New folder (3)\quake2-full\game\g_func.c(737,42): warning C4100: 'other': unreferenced formal parameter
C:\Users\marcm\Downloads\New folder (3)\quake2-full\game\g_func.c(743,80): warning C4100: 'surf': unreferenced formal parameter
C:\Users\marcm\Downloads\New folder (3)\quake2-full\game\g_func.c(743,61): warning C4100: 'plane': unreferenced formal parameter
C:\Users\marcm\Downloads\New folder (3)\quake2-full\game\g_func.c(755,94): warning C4100: 'point': unreferenced formal parameter
C:\Users\marcm\Downloads\New folder (3)\quake2-full\game\g_func.c(755,79): warning C4100: 'damage': unreferenced formal parameter
C:\Users\marcm\Downloads\New folder (3)\quake2-full\game\g_func.c(755,45): warning C4100: 'inflictor': unreferenced formal parameter
C:\Users\marcm\Downloads\New folder (3)\quake2-full\game\g_func.c(949,40): warning C4100: 'other': unreferenced formal parameter
C:\Users\marcm\Downloads\New folder (3)\quake2-full\game\g_func.c(980,85): warning C4100: 'surf': unreferenced formal parameter
C:\Users\marcm\Downloads\New folder (3)\quake2-full\game\g_func.c(980,66): warning C4100: 'plane': unreferenced formal parameter
C:\Users\marcm\Downloads\New folder (3)\quake2-full\game\g_func.c(1113,92): warning C4100: 'point': unreferenced formal parameter
C:\Users\marcm\Downloads\New folder (3)\quake2-full\game\g_func.c(1113,77): warning C4100: 'damage': unreferenced formal parameter
C:\Users\marcm\Downloads\New folder (3)\quake2-full\game\g_func.c(1113,43): warning C4100: 'inflictor': unreferenced formal parameter
C:\Users\marcm\Downloads\New folder (3)\quake2-full\game\g_func.c(1125,78): warning C4100: 'surf': unreferenced formal parameter
C:\Users\marcm\Downloads\New folder (3)\quake2-full\game\g_func.c(1125,59): warning C4100: 'plane': unreferenced formal parameter
C:\Users\marcm\Downloads\New folder (3)\quake2-full\game\g_func.c(1633,41): warning C4100: 'other': unreferenced formal parameter
C:\Users\marcm\Downloads\New folder (3)\quake2-full\game\g_func.c(1699,68): warning C4100: 'activator': unreferenced formal parameter
C:\Users\marcm\Downloads\New folder (3)\quake2-full\game\g_func.c(1777,46): warning C4100: 'other': unreferenced formal parameter
C:\Users\marcm\Downloads\New folder (3)\quake2-full\game\g_func.c(1825,65): warning C4100: 'activator': unreferenced formal parameter
C:\Users\marcm\Downloads\New folder (3)\quake2-full\game\g_func.c(1825,49): warning C4100: 'other': unreferenced formal parameter
C:\Users\marcm\Downloads\New folder (3)\quake2-full\game\g_func.c(1886,63): warning C4100: 'activator': unreferenced formal parameter
C:\Users\marcm\Downloads\New folder (3)\quake2-full\game\g_func.c(1886,47): warning C4100: 'other': unreferenced formal parameter
C:\Users\marcm\Downloads\New folder (3)\quake2-full\game\g_func.c(1960,96): warning C4100: 'point': unreferenced formal parameter
C:\Users\marcm\Downloads\New folder (3)\quake2-full\game\g_func.c(1960,81): warning C4100: 'damage': unreferenced formal parameter
C:\Users\marcm\Downloads\New folder (3)\quake2-full\game\g_func.c(1960,47): warning C4100: 'inflictor': unreferenced formal parameter
C:\Users\marcm\Downloads\New folder (3)\quake2-full\game\g_func.c(2037,59): warning C4100: 'activator': unreferenced formal parameter
C:\Users\marcm\Downloads\New folder (3)\quake2-full\game\g_func.c(2037,43): warning C4100: 'other': unreferenced formal parameter
  g_items.c
C:\Users\marcm\Downloads\New folder (3)\quake2-full\game\g_items.c(43,12): warning C4211: nonstandard extension used: redefined extern to static
C:\Users\marcm\Downloads\New folder (3)\quake2-full\game\g_items.c(44,12): warning C4211: nonstandard extension used: redefined extern to static
C:\Users\marcm\Downloads\New folder (3)\quake2-full\game\g_items.c(45,12): warning C4211: nonstandard extension used: redefined extern to static
C:\Users\marcm\Downloads\New folder (3)\quake2-full\game\g_items.c(705,45): warning C4100: 'item': unreferenced formal parameter
C:\Users\marcm\Downloads\New folder (3)\quake2-full\game\g_items.c(761,77): warning C4100: 'surf': unreferenced formal parameter
C:\Users\marcm\Downloads\New folder (3)\quake2-full\game\g_items.c(761,58): warning C4100: 'plane': unreferenced formal parameter
C:\Users\marcm\Downloads\New folder (3)\quake2-full\game\g_items.c(893,55): warning C4100: 'activator': unreferenced formal parameter
C:\Users\marcm\Downloads\New folder (3)\quake2-full\game\g_items.c(893,39): warning C4100: 'other': unreferenced formal parameter
  g_main.c
C:\Users\marcm\Downloads\New folder (3)\quake2-full\game\g_main.c(150,2): warning C4996: 'vsprintf': This function or variable may be unsafe. Consider using vsprintf_s instead. To disable deprecation, use _CRT_SECURE_NO_WARNINGS. See online help for details.
C:\Users\marcm\Downloads\New folder (3)\quake2-full\game\g_main.c(162,2): warning C4996: 'vsprintf': This function or variable may be unsafe. Consider using vsprintf_s instead. To disable deprecation, use _CRT_SECURE_NO_WARNINGS. See online help for details.
C:\Users\marcm\Downloads\New folder (3)\quake2-full\game\g_main.c(235,7): warning C4996: 'strdup': The POSIX name for this item is deprecated. Instead, use the ISO C and C++ conformant name: _strdup. See online help for details.
C:\Users\marcm\Downloads\New folder (3)\quake2-full\game\g_main.c(237,7): warning C4996: 'strtok': This function or variable may be unsafe. Consider using strtok_s instead. To disable deprecation, use _CRT_SECURE_NO_WARNINGS. See online help for details.
C:\Users\marcm\Downloads\New folder (3)\quake2-full\game\g_main.c(241,9): warning C4996: 'strtok': This function or variable may be unsafe. Consider using strtok_s instead. To disable deprecation, use _CRT_SECURE_NO_WARNINGS. See online help for details.
C:\Users\marcm\Downloads\New folder (3)\quake2-full\game\g_main.c(254,8): warning C4996: 'strtok': This function or variable may be unsafe. Consider using strtok_s instead. To disable deprecation, use _CRT_SECURE_NO_WARNINGS. See online help for details.
  g_misc.c
C:\Users\marcm\Downloads\New folder (3)\quake2-full\game\g_misc.c(31,61): warning C4100: 'activator': unreferenced formal parameter
C:\Users\marcm\Downloads\New folder (3)\quake2-full\game\g_misc.c(31,45): warning C4100: 'other': unreferenced formal parameter
C:\Users\marcm\Downloads\New folder (3)\quake2-full\game\g_misc.c(104,77): warning C4100: 'surf': unreferenced formal parameter
C:\Users\marcm\Downloads\New folder (3)\quake2-full\game\g_misc.c(104,41): warning C4100: 'other': unreferenced formal parameter
C:\Users\marcm\Downloads\New folder (3)\quake2-full\game\g_misc.c(130,88): warning C4100: 'point': unreferenced formal parameter
C:\Users\marcm\Downloads\New folder (3)\quake2-full\game\g_misc.c(130,73): warning C4100: 'damage': unreferenced formal parameter
C:\Users\marcm\Downloads\New folder (3)\quake2-full\game\g_misc.c(130,59): warning C4100: 'attacker': unreferenced formal parameter
C:\Users\marcm\Downloads\New folder (3)\quake2-full\game\g_misc.c(130,39): warning C4100: 'inflictor': unreferenced formal parameter
C:\Users\marcm\Downloads\New folder (3)\quake2-full\game\g_misc.c(281,91): warning C4100: 'point': unreferenced formal parameter
C:\Users\marcm\Downloads\New folder (3)\quake2-full\game\g_misc.c(281,76): warning C4100: 'damage': unreferenced formal parameter
C:\Users\marcm\Downloads\New folder (3)\quake2-full\game\g_misc.c(281,62): warning C4100: 'attacker': unreferenced formal parameter
C:\Users\marcm\Downloads\New folder (3)\quake2-full\game\g_misc.c(281,42): warning C4100: 'inflictor': unreferenced formal parameter
C:\Users\marcm\Downloads\New folder (3)\quake2-full\game\g_misc.c(342,85): warning C4100: 'surf': unreferenced formal parameter
C:\Users\marcm\Downloads\New folder (3)\quake2-full\game\g_misc.c(342,66): warning C4100: 'plane': unreferenced formal parameter
C:\Users\marcm\Downloads\New folder (3)\quake2-full\game\g_misc.c(422,86): warning C4100: 'surf': unreferenced formal parameter
C:\Users\marcm\Downloads\New folder (3)\quake2-full\game\g_misc.c(422,67): warning C4100: 'plane': unreferenced formal parameter
C:\Users\marcm\Downloads\New folder (3)\quake2-full\game\g_misc.c(545,64): warning C4100: 'activator': unreferenced formal parameter
C:\Users\marcm\Downloads\New folder (3)\quake2-full\game\g_misc.c(545,48): warning C4100: 'other': unreferenced formal parameter
C:\Users\marcm\Downloads\New folder (3)\quake2-full\game\g_misc.c(593,61): warning C4100: 'activator': unreferenced formal parameter
C:\Users\marcm\Downloads\New folder (3)\quake2-full\game\g_misc.c(593,45): warning C4100: 'other': unreferenced formal parameter
C:\Users\marcm\Downloads\New folder (3)\quake2-full\game\g_misc.c(665,85): warning C4100: 'surf': unreferenced formal parameter
C:\Users\marcm\Downloads\New folder (3)\quake2-full\game\g_misc.c(683,63): warning C4100: 'activator': unreferenced formal parameter
C:\Users\marcm\Downloads\New folder (3)\quake2-full\game\g_misc.c(683,47): warning C4100: 'other': unreferenced formal parameter
C:\Users\marcm\Downloads\New folder (3)\quake2-full\game\g_misc.c(745,103): warning C4100: 'point': unreferenced formal parameter
C:\Users\marcm\Downloads\New folder (3)\quake2-full\game\g_misc.c(745,88): warning C4100: 'damage': unreferenced formal parameter
C:\Users\marcm\Downloads\New folder (3)\quake2-full\game\g_misc.c(809,65): warning C4100: 'activator': unreferenced formal parameter
C:\Users\marcm\Downloads\New folder (3)\quake2-full\game\g_misc.c(814,68): warning C4100: 'activator': unreferenced formal parameter
C:\Users\marcm\Downloads\New folder (3)\quake2-full\game\g_misc.c(814,52): warning C4100: 'other': unreferenced formal parameter
C:\Users\marcm\Downloads\New folder (3)\quake2-full\game\g_misc.c(873,80): warning C4100: 'surf': unreferenced formal parameter
C:\Users\marcm\Downloads\New folder (3)\quake2-full\game\g_misc.c(873,61): warning C4100: 'plane': unreferenced formal parameter
C:\Users\marcm\Downloads\New folder (3)\quake2-full\game\g_misc.c(966,93): warning C4100: 'point': unreferenced formal parameter
C:\Users\marcm\Downloads\New folder (3)\quake2-full\game\g_misc.c(966,78): warning C4100: 'damage': unreferenced formal parameter
C:\Users\marcm\Downloads\New folder (3)\quake2-full\game\g_misc.c(966,44): warning C4100: 'inflictor': unreferenced formal parameter
C:\Users\marcm\Downloads\New folder (3)\quake2-full\game\g_misc.c(1021,65): warning C4100: 'activator': unreferenced formal parameter
C:\Users\marcm\Downloads\New folder (3)\quake2-full\game\g_misc.c(1021,49): warning C4100: 'other': unreferenced formal parameter
C:\Users\marcm\Downloads\New folder (3)\quake2-full\game\g_misc.c(1157,66): warning C4100: 'activator': unreferenced formal parameter
C:\Users\marcm\Downloads\New folder (3)\quake2-full\game\g_misc.c(1157,50): warning C4100: 'other': unreferenced formal parameter
C:\Users\marcm\Downloads\New folder (3)\quake2-full\game\g_misc.c(1217,101): warning C4100: 'point': unreferenced formal parameter
C:\Users\marcm\Downloads\New folder (3)\quake2-full\game\g_misc.c(1217,72): warning C4100: 'attacker': unreferenced formal parameter
C:\Users\marcm\Downloads\New folder (3)\quake2-full\game\g_misc.c(1217,52): warning C4100: 'inflictor': unreferenced formal parameter
C:\Users\marcm\Downloads\New folder (3)\quake2-full\game\g_misc.c(1330,89): warning C4100: 'surf': unreferenced formal parameter
C:\Users\marcm\Downloads\New folder (3)\quake2-full\game\g_misc.c(1330,70): warning C4100: 'plane': unreferenced formal parameter
C:\Users\marcm\Downloads\New folder (3)\quake2-full\game\g_misc.c(1330,53): warning C4100: 'other': unreferenced formal parameter
C:\Users\marcm\Downloads\New folder (3)\quake2-full\game\g_misc.c(1358,51): warning C4100: 'other': unreferenced formal parameter
C:\Users\marcm\Downloads\New folder (3)\quake2-full\game\g_misc.c(1452,71): warning C4100: 'activator': unreferenced formal parameter
C:\Users\marcm\Downloads\New folder (3)\quake2-full\game\g_misc.c(1452,55): warning C4100: 'other': unreferenced formal parameter
C:\Users\marcm\Downloads\New folder (3)\quake2-full\game\g_misc.c(1577,65): warning C4100: 'activator': unreferenced formal parameter
C:\Users\marcm\Downloads\New folder (3)\quake2-full\game\g_misc.c(1577,49): warning C4100: 'other': unreferenced formal parameter
C:\Users\marcm\Downloads\New folder (3)\quake2-full\game\g_misc.c(1700,11): warning C4996: 'localtime': This function or variable may be unsafe. Consider using localtime_s instead. To disable deprecation, use _CRT_SECURE_NO_WARNINGS. See online help for details.
C:\Users\marcm\Downloads\New folder (3)\quake2-full\game\g_misc.c(1740,46): warning C4100: 'other': unreferenced formal parameter
C:\Users\marcm\Downloads\New folder (3)\quake2-full\game\g_misc.c(1783,84): warning C4100: 'surf': unreferenced formal parameter
C:\Users\marcm\Downloads\New folder (3)\quake2-full\game\g_misc.c(1783,65): warning C4100: 'plane': unreferenced formal parameter
  g_monster.c
C:\Users\marcm\Downloads\New folder (3)\quake2-full\game\g_monster.c(91,95): warning C4100: 'kick': unreferenced formal parameter
C:\Users\marcm\Downloads\New folder (3)\quake2-full\game\g_monster.c(440,43): warning C4100: 'other': unreferenced formal parameter
C:\Users\marcm\Downloads\New folder (3)\quake2-full\game\g_monster.c(483,59): warning C4100: 'other': unreferenced formal parameter
  g_phys.c
  g_save.c
C:\Users\marcm\Downloads\New folder (3)\quake2-full\game\g_save.c(226,25): warning C4100: 'f': unreferenced formal parameter
C:\Users\marcm\Downloads\New folder (3)\quake2-full\game\g_save.c(474,2): warning C4996: 'strcpy': This function or variable may be unsafe. Consider using strcpy_s instead. To disable deprecation, use _CRT_SECURE_NO_WARNINGS. See online help for details.
C:\Users\marcm\Downloads\New folder (3)\quake2-full\game\g_save.c(469,6): warning C4996: 'fopen': This function or variable may be unsafe. Consider using fopen_s instead. To disable deprecation, use _CRT_SECURE_NO_WARNINGS. See online help for details.
C:\Users\marcm\Downloads\New folder (3)\quake2-full\game\g_save.c(495,6): warning C4996: 'fopen': This function or variable may be unsafe. Consider using fopen_s instead. To disable deprecation, use _CRT_SECURE_NO_WARNINGS. See online help for details.
C:\Users\marcm\Downloads\New folder (3)\quake2-full\game\g_save.c(635,6): warning C4996: 'fopen': This function or variable may be unsafe. Consider using fopen_s instead. To disable deprecation, use _CRT_SECURE_NO_WARNINGS. See online help for details.
C:\Users\marcm\Downloads\New folder (3)\quake2-full\game\g_save.c(690,6): warning C4996: 'fopen': This function or variable may be unsafe. Consider using fopen_s instead. To disable deprecation, use _CRT_SECURE_NO_WARNINGS. See online help for details.
  g_spawn.c
C:\Users\marcm\Downloads\New folder (3)\quake2-full\game\g_spawn.c(381,5): warning C4996: 'sscanf': This function or variable may be unsafe. Consider using sscanf_s instead. To disable deprecation, use _CRT_SECURE_NO_WARNINGS. See online help for details.
C:\Users\marcm\Downloads\New folder (3)\quake2-full\game\g_spawn.c(434,3): warning C4996: 'strncpy': This function or variable may be unsafe. Consider using strncpy_s instead. To disable deprecation, use _CRT_SECURE_NO_WARNINGS. See online help for details.
C:\Users\marcm\Downloads\New folder (3)\quake2-full\game\g_spawn.c(544,2): warning C4996: 'strncpy': This function or variable may be unsafe. Consider using strncpy_s instead. To disable deprecation, use _CRT_SECURE_NO_WARNINGS. See online help for details.
C:\Users\marcm\Downloads\New folder (3)\quake2-full\game\g_spawn.c(545,2): warning C4996: 'strncpy': This function or variable may be unsafe. Consider using strncpy_s instead. To disable deprecation, use _CRT_SECURE_NO_WARNINGS. See online help for details.
C:\Users\marcm\Downloads\New folder (3)\quake2-full\game\g_spawn.c(927,3): warning C4996: 'strcpy': This function or variable may be unsafe. Consider using strcpy_s instead. To disable deprecation, use _CRT_SECURE_NO_WARNINGS. See online help for details.
C:\Users\marcm\Downloads\New folder (3)\quake2-full\game\g_spawn.c(934,3): warning C4996: 'strncpy': This function or variable may be unsafe. Consider using strncpy_s instead. To disable deprecation, use _CRT_SECURE_NO_WARNINGS. See online help for details.
C:\Users\marcm\Downloads\New folder (3)\quake2-full\game\g_spawn.c(937,3): warning C4996: 'strncpy': This function or variable may be unsafe. Consider using strncpy_s instead. To disable deprecation, use _CRT_SECURE_NO_WARNINGS. See online help for details.
  g_svcmds.c
C:\Users\marcm\Downloads\New folder (3)\quake2-full\game\g_svcmds.c(244,10): warning C4459: declaration of 'game' hides global declaration
      C:\Users\marcm\Downloads\New folder (3)\quake2-full\game\g_local.h(452,22):
      see declaration of 'game'
  
C:\Users\marcm\Downloads\New folder (3)\quake2-full\game\g_svcmds.c(249,3): warning C4996: 'sprintf': This function or variable may be unsafe. Consider using sprintf_s instead. To disable deprecation, use _CRT_SECURE_NO_WARNINGS. See online help for details.
C:\Users\marcm\Downloads\New folder (3)\quake2-full\game\g_svcmds.c(251,3): warning C4996: 'sprintf': This function or variable may be unsafe. Consider using sprintf_s instead. To disable deprecation, use _CRT_SECURE_NO_WARNINGS. See online help for details.
C:\Users\marcm\Downloads\New folder (3)\quake2-full\game\g_svcmds.c(255,6): warning C4996: 'fopen': This function or variable may be unsafe. Consider using fopen_s instead. To disable deprecation, use _CRT_SECURE_NO_WARNINGS. See online help for details.
  g_target.c
C:\Users\marcm\Downloads\New folder (3)\quake2-full\game\g_target.c(26,62): warning C4100: 'activator': unreferenced formal parameter
C:\Users\marcm\Downloads\New folder (3)\quake2-full\game\g_target.c(26,46): warning C4100: 'other': unreferenced formal parameter
C:\Users\marcm\Downloads\New folder (3)\quake2-full\game\g_target.c(58,65): warning C4100: 'activator': unreferenced formal parameter
C:\Users\marcm\Downloads\New folder (3)\quake2-full\game\g_target.c(58,49): warning C4100: 'other': unreferenced formal parameter
C:\Users\marcm\Downloads\New folder (3)\quake2-full\game\g_target.c(93,3): warning C4996: 'strncpy': This function or variable may be unsafe. Consider using strncpy_s instead. To disable deprecation, use _CRT_SECURE_NO_WARNINGS. See online help for details.
C:\Users\marcm\Downloads\New folder (3)\quake2-full\game\g_target.c(121,3): warning C4996: 'strncpy': This function or variable may be unsafe. Consider using strncpy_s instead. To disable deprecation, use _CRT_SECURE_NO_WARNINGS. See online help for details.
C:\Users\marcm\Downloads\New folder (3)\quake2-full\game\g_target.c(123,3): warning C4996: 'strncpy': This function or variable may be unsafe. Consider using strncpy_s instead. To disable deprecation, use _CRT_SECURE_NO_WARNINGS. See online help for details.
C:\Users\marcm\Downloads\New folder (3)\quake2-full\game\g_target.c(118,62): warning C4100: 'activator': unreferenced formal parameter
C:\Users\marcm\Downloads\New folder (3)\quake2-full\game\g_target.c(118,46): warning C4100: 'other': unreferenced formal parameter
C:\Users\marcm\Downloads\New folder (3)\quake2-full\game\g_target.c(154,48): warning C4100: 'other': unreferenced formal parameter
C:\Users\marcm\Downloads\New folder (3)\quake2-full\game\g_target.c(189,46): warning C4100: 'other': unreferenced formal parameter
C:\Users\marcm\Downloads\New folder (3)\quake2-full\game\g_target.c(244,52): warning C4100: 'other': unreferenced formal parameter
C:\Users\marcm\Downloads\New folder (3)\quake2-full\game\g_target.c(338,49): warning C4100: 'other': unreferenced formal parameter
C:\Users\marcm\Downloads\New folder (3)\quake2-full\game\g_target.c(380,66): warning C4100: 'activator': unreferenced formal parameter
C:\Users\marcm\Downloads\New folder (3)\quake2-full\game\g_target.c(380,50): warning C4100: 'other': unreferenced formal parameter
C:\Users\marcm\Downloads\New folder (3)\quake2-full\game\g_target.c(416,66): warning C4100: 'activator': unreferenced formal parameter
C:\Users\marcm\Downloads\New folder (3)\quake2-full\game\g_target.c(416,50): warning C4100: 'other': unreferenced formal parameter
C:\Users\marcm\Downloads\New folder (3)\quake2-full\game\g_target.c(451,78): warning C4100: 'activator': unreferenced formal parameter
C:\Users\marcm\Downloads\New folder (3)\quake2-full\game\g_target.c(451,62): warning C4100: 'other': unreferenced formal parameter
C:\Users\marcm\Downloads\New folder (3)\quake2-full\game\g_target.c(576,48): warning C4100: 'other': unreferenced formal parameter
C:\Users\marcm\Downloads\New folder (3)\quake2-full\game\g_target.c(679,68): warning C4100: 'activator': unreferenced formal parameter
C:\Users\marcm\Downloads\New folder (3)\quake2-full\game\g_target.c(679,52): warning C4100: 'other': unreferenced formal parameter
C:\Users\marcm\Downloads\New folder (3)\quake2-full\game\g_target.c(785,53): warning C4100: 'other': unreferenced formal parameter
  g_trigger.c
C:\Users\marcm\Downloads\New folder (3)\quake2-full\game\g_trigger.c(66,40): warning C4100: 'other': unreferenced formal parameter
C:\Users\marcm\Downloads\New folder (3)\quake2-full\game\g_trigger.c(72,79): warning C4100: 'surf': unreferenced formal parameter
C:\Users\marcm\Downloads\New folder (3)\quake2-full\game\g_trigger.c(72,60): warning C4100: 'plane': unreferenced formal parameter
C:\Users\marcm\Downloads\New folder (3)\quake2-full\game\g_trigger.c(111,62): warning C4100: 'activator': unreferenced formal parameter
C:\Users\marcm\Downloads\New folder (3)\quake2-full\game\g_trigger.c(111,46): warning C4100: 'other': unreferenced formal parameter
C:\Users\marcm\Downloads\New folder (3)\quake2-full\game\g_trigger.c(189,49): warning C4100: 'other': unreferenced formal parameter
C:\Users\marcm\Downloads\New folder (3)\quake2-full\game\g_trigger.c(212,47): warning C4100: 'other': unreferenced formal parameter
C:\Users\marcm\Downloads\New folder (3)\quake2-full\game\g_trigger.c(326,50): warning C4100: 'other': unreferenced formal parameter
C:\Users\marcm\Downloads\New folder (3)\quake2-full\game\g_trigger.c(394,86): warning C4100: 'surf': unreferenced formal parameter
C:\Users\marcm\Downloads\New folder (3)\quake2-full\game\g_trigger.c(394,67): warning C4100: 'plane': unreferenced formal parameter
C:\Users\marcm\Downloads\New folder (3)\quake2-full\game\g_trigger.c(455,56): warning C4100: 'activator': unreferenced formal parameter
C:\Users\marcm\Downloads\New folder (3)\quake2-full\game\g_trigger.c(455,40): warning C4100: 'other': unreferenced formal parameter
C:\Users\marcm\Downloads\New folder (3)\quake2-full\game\g_trigger.c(468,78): warning C4100: 'surf': unreferenced formal parameter
C:\Users\marcm\Downloads\New folder (3)\quake2-full\game\g_trigger.c(468,59): warning C4100: 'plane': unreferenced formal parameter
C:\Users\marcm\Downloads\New folder (3)\quake2-full\game\g_trigger.c(532,89): warning C4100: 'surf': unreferenced formal parameter
C:\Users\marcm\Downloads\New folder (3)\quake2-full\game\g_trigger.c(532,70): warning C4100: 'plane': unreferenced formal parameter
C:\Users\marcm\Downloads\New folder (3)\quake2-full\game\g_trigger.c(566,93): warning C4100: 'surf': unreferenced formal parameter
C:\Users\marcm\Downloads\New folder (3)\quake2-full\game\g_trigger.c(566,74): warning C4100: 'plane': unreferenced formal parameter
  g_turret.c
C:\Users\marcm\Downloads\New folder (3)\quake2-full\game\g_turret.c(278,98): warning C4100: 'point': unreferenced formal parameter
  g_utils.c
C:\Users\marcm\Downloads\New folder (3)\quake2-full\game\g_utils.c(396,2): warning C4996: 'strcpy': This function or variable may be unsafe. Consider using strcpy_s instead. To disable deprecation, use _CRT_SECURE_NO_WARNINGS. See online help for details.
  g_weapon.c
C:\Users\marcm\Downloads\New folder (3)\quake2-full\game\g_weapon.c(467,68): warning C4100: 'plane': unreferenced formal parameter
  m_actor.c
C:\Users\marcm\Downloads\New folder (3)\quake2-full\game\m_actor.c(230,65): warning C4100: 'damage': unreferenced formal parameter
C:\Users\marcm\Downloads\New folder (3)\quake2-full\game\m_actor.c(230,55): warning C4100: 'kick': unreferenced formal parameter
C:\Users\marcm\Downloads\New folder (3)\quake2-full\game\m_actor.c(339,90): warning C4100: 'point': unreferenced formal parameter
C:\Users\marcm\Downloads\New folder (3)\quake2-full\game\m_actor.c(339,61): warning C4100: 'attacker': unreferenced formal parameter
C:\Users\marcm\Downloads\New folder (3)\quake2-full\game\m_actor.c(339,41): warning C4100: 'inflictor': unreferenced formal parameter
C:\Users\marcm\Downloads\New folder (3)\quake2-full\game\m_actor.c(401,57): warning C4100: 'activator': unreferenced formal parameter
C:\Users\marcm\Downloads\New folder (3)\quake2-full\game\m_actor.c(401,41): warning C4100: 'other': unreferenced formal parameter
C:\Users\marcm\Downloads\New folder (3)\quake2-full\game\m_actor.c(496,86): warning C4100: 'surf': unreferenced formal parameter
C:\Users\marcm\Downloads\New folder (3)\quake2-full\game\m_actor.c(496,67): warning C4100: 'plane': unreferenced formal parameter
  m_berserk.c
C:\Users\marcm\Downloads\New folder (3)\quake2-full\game\m_berserk.c(39,45): warning C4100: 'other': unreferenced formal parameter
C:\Users\marcm\Downloads\New folder (3)\quake2-full\game\m_berserk.c(222,31): warning C4100: 'self': unreferenced formal parameter
C:\Users\marcm\Downloads\New folder (3)\quake2-full\game\m_berserk.c(315,57): warning C4100: 'kick': unreferenced formal parameter
C:\Users\marcm\Downloads\New folder (3)\quake2-full\game\m_berserk.c(315,44): warning C4100: 'other': unreferenced formal parameter
C:\Users\marcm\Downloads\New folder (3)\quake2-full\game\m_berserk.c(381,92): warning C4100: 'point': unreferenced formal parameter
C:\Users\marcm\Downloads\New folder (3)\quake2-full\game\m_berserk.c(381,63): warning C4100: 'attacker': unreferenced formal parameter
C:\Users\marcm\Downloads\New folder (3)\quake2-full\game\m_berserk.c(381,43): warning C4100: 'inflictor': unreferenced formal parameter
C:\Users\marcm\Downloads\New folder (3)\quake2-full\game\m_berserk.c(461,2): warning C4996: 'strcpy': This function or variable may be unsafe. Consider using strcpy_s instead. To disable deprecation, use _CRT_SECURE_NO_WARNINGS. See online help for details.
C:\Users\marcm\Downloads\New folder (3)\quake2-full\game\m_berserk.c(522,17): warning C4189: 'end': local variable is initialized but not referenced
C:\Users\marcm\Downloads\New folder (3)\quake2-full\game\m_berserk.c(522,6): warning C4189: 'start': local variable is initialized but not referenced
  Generating Code...
C:\Users\marcm\Downloads\New folder (3)\quake2-full\game\g_combat.c(249,1): warning C4701: potentially uninitialized local variable 'index' used
C:\Users\marcm\Downloads\New folder (3)\quake2-full\game\g_combat.c(209,1): warning C4701: potentially uninitialized local variable 'power' used
C:\Users\marcm\Downloads\New folder (3)\quake2-full\game\g_combat.c(956,1): warning C4172: returning address of local variable or temporary : statusOutput
  Compiling...
  m_boss2.c
C:\Users\marcm\Downloads\New folder (3)\quake2-full\game\m_boss2.c(470,55): warning C4100: 'kick': unreferenced formal parameter
C:\Users\marcm\Downloads\New folder (3)\quake2-full\game\m_boss2.c(470,42): warning C4100: 'other': unreferenced formal parameter
C:\Users\marcm\Downloads\New folder (3)\quake2-full\game\m_boss2.c(507,90): warning C4100: 'point': unreferenced formal parameter
C:\Users\marcm\Downloads\New folder (3)\quake2-full\game\m_boss2.c(507,75): warning C4100: 'damage': unreferenced formal parameter
C:\Users\marcm\Downloads\New folder (3)\quake2-full\game\m_boss2.c(507,61): warning C4100: 'attacker': unreferenced formal parameter
C:\Users\marcm\Downloads\New folder (3)\quake2-full\game\m_boss2.c(507,41): warning C4100: 'inflictor': unreferenced formal parameter
C:\Users\marcm\Downloads\New folder (3)\quake2-full\game\m_boss2.c(683,2): warning C4996: 'strcpy': This function or variable may be unsafe. Consider using strcpy_s instead. To disable deprecation, use _CRT_SECURE_NO_WARNINGS. See online help for details.
C:\Users\marcm\Downloads\New folder (3)\quake2-full\game\m_boss2.c(747,17): warning C4189: 'end': local variable is initialized but not referenced
C:\Users\marcm\Downloads\New folder (3)\quake2-full\game\m_boss2.c(747,6): warning C4189: 'start': local variable is initialized but not referenced
  m_boss3.c
C:\Users\marcm\Downloads\New folder (3)\quake2-full\game\m_boss3.c(31,56): warning C4100: 'activator': unreferenced formal parameter
C:\Users\marcm\Downloads\New folder (3)\quake2-full\game\m_boss3.c(31,40): warning C4100: 'other': unreferenced formal parameter
C:\Users\marcm\Downloads\New folder (3)\quake2-full\game\m_boss3.c(81,2): warning C4996: 'strcpy': This function or variable may be unsafe. Consider using strcpy_s instead. To disable deprecation, use _CRT_SECURE_NO_WARNINGS. See online help for details.
C:\Users\marcm\Downloads\New folder (3)\quake2-full\game\m_boss3.c(142,17): warning C4189: 'end': local variable is initialized but not referenced
C:\Users\marcm\Downloads\New folder (3)\quake2-full\game\m_boss3.c(142,6): warning C4189: 'start': local variable is initialized but not referenced
  m_boss31.c
C:\Users\marcm\Downloads\New folder (3)\quake2-full\game\m_boss31.c(31,8): warning C4431: missing type specifier - int assumed. Note: C no longer supports default-int
C:\Users\marcm\Downloads\New folder (3)\quake2-full\game\m_boss31.c(416,54): warning C4100: 'kick': unreferenced formal parameter
C:\Users\marcm\Downloads\New folder (3)\quake2-full\game\m_boss31.c(416,41): warning C4100: 'other': unreferenced formal parameter
C:\Users\marcm\Downloads\New folder (3)\quake2-full\game\m_boss31.c(560,26): warning C4100: 'self': unreferenced formal parameter
C:\Users\marcm\Downloads\New folder (3)\quake2-full\game\m_boss31.c(589,89): warning C4100: 'point': unreferenced formal parameter
C:\Users\marcm\Downloads\New folder (3)\quake2-full\game\m_boss31.c(589,74): warning C4100: 'damage': unreferenced formal parameter
C:\Users\marcm\Downloads\New folder (3)\quake2-full\game\m_boss31.c(589,60): warning C4100: 'attacker': unreferenced formal parameter
C:\Users\marcm\Downloads\New folder (3)\quake2-full\game\m_boss31.c(589,40): warning C4100: 'inflictor': unreferenced formal parameter
C:\Users\marcm\Downloads\New folder (3)\quake2-full\game\m_boss31.c(753,2): warning C4996: 'strcpy': This function or variable may be unsafe. Consider using strcpy_s instead. To disable deprecation, use _CRT_SECURE_NO_WARNINGS. See online help for details.
C:\Users\marcm\Downloads\New folder (3)\quake2-full\game\m_boss31.c(818,17): warning C4189: 'end': local variable is initialized but not referenced
C:\Users\marcm\Downloads\New folder (3)\quake2-full\game\m_boss31.c(818,6): warning C4189: 'start': local variable is initialized but not referenced
  m_boss32.c
C:\Users\marcm\Downloads\New folder (3)\quake2-full\game\m_boss32.c(555,56): warning C4100: 'kick': unreferenced formal parameter
C:\Users\marcm\Downloads\New folder (3)\quake2-full\game\m_boss32.c(555,43): warning C4100: 'other': unreferenced formal parameter
C:\Users\marcm\Downloads\New folder (3)\quake2-full\game\m_boss32.c(601,43): warning C4100: 'other': unreferenced formal parameter
C:\Users\marcm\Downloads\New folder (3)\quake2-full\game\m_boss32.c(673,91): warning C4100: 'point': unreferenced formal parameter
C:\Users\marcm\Downloads\New folder (3)\quake2-full\game\m_boss32.c(673,62): warning C4100: 'attacker': unreferenced formal parameter
C:\Users\marcm\Downloads\New folder (3)\quake2-full\game\m_boss32.c(673,42): warning C4100: 'inflictor': unreferenced formal parameter
  m_brain.c
C:\Users\marcm\Downloads\New folder (3)\quake2-full\game\m_brain.c(48,43): warning C4100: 'other': unreferenced formal parameter
C:\Users\marcm\Downloads\New folder (3)\quake2-full\game\m_brain.c(542,65): warning C4100: 'damage': unreferenced formal parameter
C:\Users\marcm\Downloads\New folder (3)\quake2-full\game\m_brain.c(542,55): warning C4100: 'kick': unreferenced formal parameter
C:\Users\marcm\Downloads\New folder (3)\quake2-full\game\m_brain.c(542,42): warning C4100: 'other': unreferenced formal parameter
C:\Users\marcm\Downloads\New folder (3)\quake2-full\game\m_brain.c(586,90): warning C4100: 'point': unreferenced formal parameter
C:\Users\marcm\Downloads\New folder (3)\quake2-full\game\m_brain.c(586,61): warning C4100: 'attacker': unreferenced formal parameter
C:\Users\marcm\Downloads\New folder (3)\quake2-full\game\m_brain.c(586,41): warning C4100: 'inflictor': unreferenced formal parameter
C:\Users\marcm\Downloads\New folder (3)\quake2-full\game\m_brain.c(680,2): warning C4996: 'strcpy': This function or variable may be unsafe. Consider using strcpy_s instead. To disable deprecation, use _CRT_SECURE_NO_WARNINGS. See online help for details.
C:\Users\marcm\Downloads\New folder (3)\quake2-full\game\m_brain.c(735,17): warning C4189: 'end': local variable is initialized but not referenced
C:\Users\marcm\Downloads\New folder (3)\quake2-full\game\m_brain.c(735,6): warning C4189: 'start': local variable is initialized but not referenced
  m_chick.c
C:\Users\marcm\Downloads\New folder (3)\quake2-full\game\m_chick.c(266,55): warning C4100: 'kick': unreferenced formal parameter
C:\Users\marcm\Downloads\New folder (3)\quake2-full\game\m_chick.c(266,42): warning C4100: 'other': unreferenced formal parameter
C:\Users\marcm\Downloads\New folder (3)\quake2-full\game\m_chick.c(353,90): warning C4100: 'point': unreferenced formal parameter
C:\Users\marcm\Downloads\New folder (3)\quake2-full\game\m_chick.c(353,61): warning C4100: 'attacker': unreferenced formal parameter
C:\Users\marcm\Downloads\New folder (3)\quake2-full\game\m_chick.c(353,41): warning C4100: 'inflictor': unreferenced formal parameter
C:\Users\marcm\Downloads\New folder (3)\quake2-full\game\m_chick.c(430,59): warning C4100: 'eta': unreferenced formal parameter
C:\Users\marcm\Downloads\New folder (3)\quake2-full\game\m_chick.c(619,42): warning C4100: 'other': unreferenced formal parameter
  m_flash.c
  m_flipper.c
C:\Users\marcm\Downloads\New folder (3)\quake2-full\game\m_flipper.c(223,67): warning C4100: 'damage': unreferenced formal parameter
C:\Users\marcm\Downloads\New folder (3)\quake2-full\game\m_flipper.c(223,57): warning C4100: 'kick': unreferenced formal parameter
C:\Users\marcm\Downloads\New folder (3)\quake2-full\game\m_flipper.c(223,44): warning C4100: 'other': unreferenced formal parameter
C:\Users\marcm\Downloads\New folder (3)\quake2-full\game\m_flipper.c(327,45): warning C4100: 'other': unreferenced formal parameter
C:\Users\marcm\Downloads\New folder (3)\quake2-full\game\m_flipper.c(332,92): warning C4100: 'point': unreferenced formal parameter
C:\Users\marcm\Downloads\New folder (3)\quake2-full\game\m_flipper.c(332,63): warning C4100: 'attacker': unreferenced formal parameter
C:\Users\marcm\Downloads\New folder (3)\quake2-full\game\m_flipper.c(332,43): warning C4100: 'inflictor': unreferenced formal parameter
C:\Users\marcm\Downloads\New folder (3)\quake2-full\game\m_flipper.c(407,2): warning C4996: 'strcpy': This function or variable may be unsafe. Consider using strcpy_s instead. To disable deprecation, use _CRT_SECURE_NO_WARNINGS. See online help for details.
C:\Users\marcm\Downloads\New folder (3)\quake2-full\game\m_flipper.c(464,17): warning C4189: 'end': local variable is initialized but not referenced
C:\Users\marcm\Downloads\New folder (3)\quake2-full\game\m_flipper.c(464,6): warning C4189: 'start': local variable is initialized but not referenced
  m_float.c
C:\Users\marcm\Downloads\New folder (3)\quake2-full\game\m_float.c(41,45): warning C4100: 'other': unreferenced formal parameter
C:\Users\marcm\Downloads\New folder (3)\quake2-full\game\m_float.c(566,67): warning C4100: 'damage': unreferenced formal parameter
C:\Users\marcm\Downloads\New folder (3)\quake2-full\game\m_float.c(566,57): warning C4100: 'kick': unreferenced formal parameter
C:\Users\marcm\Downloads\New folder (3)\quake2-full\game\m_float.c(566,44): warning C4100: 'other': unreferenced formal parameter
C:\Users\marcm\Downloads\New folder (3)\quake2-full\game\m_float.c(603,92): warning C4100: 'point': unreferenced formal parameter
C:\Users\marcm\Downloads\New folder (3)\quake2-full\game\m_float.c(603,77): warning C4100: 'damage': unreferenced formal parameter
C:\Users\marcm\Downloads\New folder (3)\quake2-full\game\m_float.c(603,63): warning C4100: 'attacker': unreferenced formal parameter
C:\Users\marcm\Downloads\New folder (3)\quake2-full\game\m_float.c(603,43): warning C4100: 'inflictor': unreferenced formal parameter
  m_flyer.c
C:\Users\marcm\Downloads\New folder (3)\quake2-full\game\m_flyer.c(52,43): warning C4100: 'other': unreferenced formal parameter
C:\Users\marcm\Downloads\New folder (3)\quake2-full\game\m_flyer.c(531,65): warning C4100: 'damage': unreferenced formal parameter
C:\Users\marcm\Downloads\New folder (3)\quake2-full\game\m_flyer.c(531,55): warning C4100: 'kick': unreferenced formal parameter
C:\Users\marcm\Downloads\New folder (3)\quake2-full\game\m_flyer.c(531,42): warning C4100: 'other': unreferenced formal parameter
C:\Users\marcm\Downloads\New folder (3)\quake2-full\game\m_flyer.c(564,89): warning C4100: 'point': unreferenced formal parameter
C:\Users\marcm\Downloads\New folder (3)\quake2-full\game\m_flyer.c(564,74): warning C4100: 'damage': unreferenced formal parameter
C:\Users\marcm\Downloads\New folder (3)\quake2-full\game\m_flyer.c(564,60): warning C4100: 'attacker': unreferenced formal parameter
C:\Users\marcm\Downloads\New folder (3)\quake2-full\game\m_flyer.c(564,40): warning C4100: 'inflictor': unreferenced formal parameter
C:\Users\marcm\Downloads\New folder (3)\quake2-full\game\m_flyer.c(630,2): warning C4996: 'strcpy': This function or variable may be unsafe. Consider using strcpy_s instead. To disable deprecation, use _CRT_SECURE_NO_WARNINGS. See online help for details.
C:\Users\marcm\Downloads\New folder (3)\quake2-full\game\m_flyer.c(685,17): warning C4189: 'end': local variable is initialized but not referenced
C:\Users\marcm\Downloads\New folder (3)\quake2-full\game\m_flyer.c(685,6): warning C4189: 'start': local variable is initialized but not referenced
  m_gladiator.c
C:\Users\marcm\Downloads\New folder (3)\quake2-full\game\m_gladiator.c(49,47): warning C4100: 'other': unreferenced formal parameter
C:\Users\marcm\Downloads\New folder (3)\quake2-full\game\m_gladiator.c(240,69): warning C4100: 'damage': unreferenced formal parameter
C:\Users\marcm\Downloads\New folder (3)\quake2-full\game\m_gladiator.c(240,59): warning C4100: 'kick': unreferenced formal parameter
C:\Users\marcm\Downloads\New folder (3)\quake2-full\game\m_gladiator.c(240,46): warning C4100: 'other': unreferenced formal parameter
C:\Users\marcm\Downloads\New folder (3)\quake2-full\game\m_gladiator.c(308,94): warning C4100: 'point': unreferenced formal parameter
C:\Users\marcm\Downloads\New folder (3)\quake2-full\game\m_gladiator.c(308,65): warning C4100: 'attacker': unreferenced formal parameter
C:\Users\marcm\Downloads\New folder (3)\quake2-full\game\m_gladiator.c(308,45): warning C4100: 'inflictor': unreferenced formal parameter
C:\Users\marcm\Downloads\New folder (3)\quake2-full\game\m_gladiator.c(391,2): warning C4996: 'strcpy': This function or variable may be unsafe. Consider using strcpy_s instead. To disable deprecation, use _CRT_SECURE_NO_WARNINGS. See online help for details.
C:\Users\marcm\Downloads\New folder (3)\quake2-full\game\m_gladiator.c(455,17): warning C4189: 'end': local variable is initialized but not referenced
C:\Users\marcm\Downloads\New folder (3)\quake2-full\game\m_gladiator.c(455,6): warning C4189: 'start': local variable is initialized but not referenced
  m_gunner.c
C:\Users\marcm\Downloads\New folder (3)\quake2-full\game\m_gunner.c(46,44): warning C4100: 'other': unreferenced formal parameter
C:\Users\marcm\Downloads\New folder (3)\quake2-full\game\m_gunner.c(283,56): warning C4100: 'kick': unreferenced formal parameter
C:\Users\marcm\Downloads\New folder (3)\quake2-full\game\m_gunner.c(283,43): warning C4100: 'other': unreferenced formal parameter
C:\Users\marcm\Downloads\New folder (3)\quake2-full\game\m_gunner.c(335,91): warning C4100: 'point': unreferenced formal parameter
C:\Users\marcm\Downloads\New folder (3)\quake2-full\game\m_gunner.c(335,62): warning C4100: 'attacker': unreferenced formal parameter
C:\Users\marcm\Downloads\New folder (3)\quake2-full\game\m_gunner.c(335,42): warning C4100: 'inflictor': unreferenced formal parameter
C:\Users\marcm\Downloads\New folder (3)\quake2-full\game\m_gunner.c(409,60): warning C4100: 'eta': unreferenced formal parameter
C:\Users\marcm\Downloads\New folder (3)\quake2-full\game\m_gunner.c(632,2): warning C4996: 'strcpy': This function or variable may be unsafe. Consider using strcpy_s instead. To disable deprecation, use _CRT_SECURE_NO_WARNINGS. See online help for details.
C:\Users\marcm\Downloads\New folder (3)\quake2-full\game\m_gunner.c(694,17): warning C4189: 'end': local variable is initialized but not referenced
C:\Users\marcm\Downloads\New folder (3)\quake2-full\game\m_gunner.c(694,6): warning C4189: 'start': local variable is initialized but not referenced
  m_hover.c
C:\Users\marcm\Downloads\New folder (3)\quake2-full\game\m_hover.c(43,43): warning C4100: 'other': unreferenced formal parameter
C:\Users\marcm\Downloads\New folder (3)\quake2-full\game\m_hover.c(487,55): warning C4100: 'kick': unreferenced formal parameter
C:\Users\marcm\Downloads\New folder (3)\quake2-full\game\m_hover.c(487,42): warning C4100: 'other': unreferenced formal parameter
C:\Users\marcm\Downloads\New folder (3)\quake2-full\game\m_hover.c(541,90): warning C4100: 'point': unreferenced formal parameter
C:\Users\marcm\Downloads\New folder (3)\quake2-full\game\m_hover.c(541,61): warning C4100: 'attacker': unreferenced formal parameter
C:\Users\marcm\Downloads\New folder (3)\quake2-full\game\m_hover.c(541,41): warning C4100: 'inflictor': unreferenced formal parameter
C:\Users\marcm\Downloads\New folder (3)\quake2-full\game\m_hover.c(624,2): warning C4996: 'strcpy': This function or variable may be unsafe. Consider using strcpy_s instead. To disable deprecation, use _CRT_SECURE_NO_WARNINGS. See online help for details.
C:\Users\marcm\Downloads\New folder (3)\quake2-full\game\m_hover.c(685,17): warning C4189: 'end': local variable is initialized but not referenced
C:\Users\marcm\Downloads\New folder (3)\quake2-full\game\m_hover.c(685,6): warning C4189: 'start': local variable is initialized but not referenced
  m_infantry.c
C:\Users\marcm\Downloads\New folder (3)\quake2-full\game\m_infantry.c(215,68): warning C4100: 'damage': unreferenced formal parameter
C:\Users\marcm\Downloads\New folder (3)\quake2-full\game\m_infantry.c(215,58): warning C4100: 'kick': unreferenced formal parameter
C:\Users\marcm\Downloads\New folder (3)\quake2-full\game\m_infantry.c(215,45): warning C4100: 'other': unreferenced formal parameter
C:\Users\marcm\Downloads\New folder (3)\quake2-full\game\m_infantry.c(299,46): warning C4100: 'other': unreferenced formal parameter
C:\Users\marcm\Downloads\New folder (3)\quake2-full\game\m_infantry.c(386,93): warning C4100: 'point': unreferenced formal parameter
C:\Users\marcm\Downloads\New folder (3)\quake2-full\game\m_infantry.c(386,64): warning C4100: 'attacker': unreferenced formal parameter
C:\Users\marcm\Downloads\New folder (3)\quake2-full\game\m_infantry.c(386,44): warning C4100: 'inflictor': unreferenced formal parameter
C:\Users\marcm\Downloads\New folder (3)\quake2-full\game\m_infantry.c(466,62): warning C4100: 'eta': unreferenced formal parameter
C:\Users\marcm\Downloads\New folder (3)\quake2-full\game\m_infantry.c(611,2): warning C4996: 'strcpy': This function or variable may be unsafe. Consider using strcpy_s instead. To disable deprecation, use _CRT_SECURE_NO_WARNINGS. See online help for details.
C:\Users\marcm\Downloads\New folder (3)\quake2-full\game\m_infantry.c(666,17): warning C4189: 'end': local variable is initialized but not referenced
C:\Users\marcm\Downloads\New folder (3)\quake2-full\game\m_infantry.c(666,6): warning C4189: 'start': local variable is initialized but not referenced
  m_insane.c
C:\Users\marcm\Downloads\New folder (3)\quake2-full\game\m_insane.c(477,66): warning C4100: 'damage': unreferenced formal parameter
C:\Users\marcm\Downloads\New folder (3)\quake2-full\game\m_insane.c(477,56): warning C4100: 'kick': unreferenced formal parameter
C:\Users\marcm\Downloads\New folder (3)\quake2-full\game\m_insane.c(477,43): warning C4100: 'other': unreferenced formal parameter
C:\Users\marcm\Downloads\New folder (3)\quake2-full\game\m_insane.c(581,91): warning C4100: 'point': unreferenced formal parameter
C:\Users\marcm\Downloads\New folder (3)\quake2-full\game\m_insane.c(581,62): warning C4100: 'attacker': unreferenced formal parameter
C:\Users\marcm\Downloads\New folder (3)\quake2-full\game\m_insane.c(581,42): warning C4100: 'inflictor': unreferenced formal parameter
  m_medic.c
C:\Users\marcm\Downloads\New folder (3)\quake2-full\game\m_medic.c(116,43): warning C4100: 'other': unreferenced formal parameter
C:\Users\marcm\Downloads\New folder (3)\quake2-full\game\m_medic.c(317,65): warning C4100: 'damage': unreferenced formal parameter
C:\Users\marcm\Downloads\New folder (3)\quake2-full\game\m_medic.c(317,55): warning C4100: 'kick': unreferenced formal parameter
C:\Users\marcm\Downloads\New folder (3)\quake2-full\game\m_medic.c(317,42): warning C4100: 'other': unreferenced formal parameter
C:\Users\marcm\Downloads\New folder (3)\quake2-full\game\m_medic.c(413,90): warning C4100: 'point': unreferenced formal parameter
C:\Users\marcm\Downloads\New folder (3)\quake2-full\game\m_medic.c(413,61): warning C4100: 'attacker': unreferenced formal parameter
C:\Users\marcm\Downloads\New folder (3)\quake2-full\game\m_medic.c(413,41): warning C4100: 'inflictor': unreferenced formal parameter
C:\Users\marcm\Downloads\New folder (3)\quake2-full\game\m_medic.c(494,59): warning C4100: 'eta': unreferenced formal parameter
C:\Users\marcm\Downloads\New folder (3)\quake2-full\game\m_medic.c(773,2): warning C4996: 'strcpy': This function or variable may be unsafe. Consider using strcpy_s instead. To disable deprecation, use _CRT_SECURE_NO_WARNINGS. See online help for details.
C:\Users\marcm\Downloads\New folder (3)\quake2-full\game\m_medic.c(834,17): warning C4189: 'end': local variable is initialized but not referenced
C:\Users\marcm\Downloads\New folder (3)\quake2-full\game\m_medic.c(834,6): warning C4189: 'start': local variable is initialized but not referenced
  m_move.c
  m_mutant.c
C:\Users\marcm\Downloads\New folder (3)\quake2-full\game\m_mutant.c(62,44): warning C4100: 'other': unreferenced formal parameter
C:\Users\marcm\Downloads\New folder (3)\quake2-full\game\m_mutant.c(308,85): warning C4100: 'surf': unreferenced formal parameter
C:\Users\marcm\Downloads\New folder (3)\quake2-full\game\m_mutant.c(308,66): warning C4100: 'plane': unreferenced formal parameter
C:\Users\marcm\Downloads\New folder (3)\quake2-full\game\m_mutant.c(496,66): warning C4100: 'damage': unreferenced formal parameter
C:\Users\marcm\Downloads\New folder (3)\quake2-full\game\m_mutant.c(496,56): warning C4100: 'kick': unreferenced formal parameter
C:\Users\marcm\Downloads\New folder (3)\quake2-full\game\m_mutant.c(496,43): warning C4100: 'other': unreferenced formal parameter
C:\Users\marcm\Downloads\New folder (3)\quake2-full\game\m_mutant.c(574,91): warning C4100: 'point': unreferenced formal parameter
C:\Users\marcm\Downloads\New folder (3)\quake2-full\game\m_mutant.c(574,62): warning C4100: 'attacker': unreferenced formal parameter
C:\Users\marcm\Downloads\New folder (3)\quake2-full\game\m_mutant.c(574,42): warning C4100: 'inflictor': unreferenced formal parameter
C:\Users\marcm\Downloads\New folder (3)\quake2-full\game\m_mutant.c(668,2): warning C4996: 'strcpy': This function or variable may be unsafe. Consider using strcpy_s instead. To disable deprecation, use _CRT_SECURE_NO_WARNINGS. See online help for details.
C:\Users\marcm\Downloads\New folder (3)\quake2-full\game\m_mutant.c(732,17): warning C4189: 'end': local variable is initialized but not referenced
C:\Users\marcm\Downloads\New folder (3)\quake2-full\game\m_mutant.c(732,6): warning C4189: 'start': local variable is initialized but not referenced
  m_parasite.c
C:\Users\marcm\Downloads\New folder (3)\quake2-full\game\m_parasite.c(65,46): warning C4100: 'other': unreferenced formal parameter
C:\Users\marcm\Downloads\New folder (3)\quake2-full\game\m_parasite.c(275,68): warning C4100: 'damage': unreferenced formal parameter
C:\Users\marcm\Downloads\New folder (3)\quake2-full\game\m_parasite.c(275,58): warning C4100: 'kick': unreferenced formal parameter
C:\Users\marcm\Downloads\New folder (3)\quake2-full\game\m_parasite.c(275,45): warning C4100: 'other': unreferenced formal parameter
C:\Users\marcm\Downloads\New folder (3)\quake2-full\game\m_parasite.c(471,93): warning C4100: 'point': unreferenced formal parameter
C:\Users\marcm\Downloads\New folder (3)\quake2-full\game\m_parasite.c(471,64): warning C4100: 'attacker': unreferenced formal parameter
C:\Users\marcm\Downloads\New folder (3)\quake2-full\game\m_parasite.c(471,44): warning C4100: 'inflictor': unreferenced formal parameter
C:\Users\marcm\Downloads\New folder (3)\quake2-full\game\m_parasite.c(556,2): warning C4996: 'strcpy': This function or variable may be unsafe. Consider using strcpy_s instead. To disable deprecation, use _CRT_SECURE_NO_WARNINGS. See online help for details.
  m_soldier.c
C:\Users\marcm\Downloads\New folder (3)\quake2-full\game\m_parasite.c(611,17): warning C4189: 'end': local variable is initialized but not referenced
C:\Users\marcm\Downloads\New folder (3)\quake2-full\game\m_parasite.c(611,6): warning C4189: 'start': local variable is initialized but not referenced
C:\Users\marcm\Downloads\New folder (3)\quake2-full\game\m_soldier.c(409,67): warning C4100: 'damage': unreferenced formal parameter
C:\Users\marcm\Downloads\New folder (3)\quake2-full\game\m_soldier.c(409,57): warning C4100: 'kick': unreferenced formal parameter
C:\Users\marcm\Downloads\New folder (3)\quake2-full\game\m_soldier.c(409,44): warning C4100: 'other': unreferenced formal parameter
C:\Users\marcm\Downloads\New folder (3)\quake2-full\game\m_soldier.c(792,44): warning C4100: 'other': unreferenced formal parameter
C:\Users\marcm\Downloads\New folder (3)\quake2-full\game\m_soldier.c(1144,63): warning C4100: 'attacker': unreferenced formal parameter
C:\Users\marcm\Downloads\New folder (3)\quake2-full\game\m_soldier.c(1144,43): warning C4100: 'inflictor': unreferenced formal parameter
C:\Users\marcm\Downloads\New folder (3)\quake2-full\game\m_soldier.c(1237,2): warning C4996: 'strcpy': This function or variable may be unsafe. Consider using strcpy_s instead. To disable deprecation, use _CRT_SECURE_NO_WARNINGS. See online help for details.
C:\Users\marcm\Downloads\New folder (3)\quake2-full\game\m_soldier.c(1292,17): warning C4189: 'end': local variable is initialized but not referenced
C:\Users\marcm\Downloads\New folder (3)\quake2-full\game\m_soldier.c(1292,6): warning C4189: 'start': local variable is initialized but not referenced
  Generating Code...
  Compiling...
  m_supertank.c
C:\Users\marcm\Downloads\New folder (3)\quake2-full\game\m_supertank.c(452,59): warning C4100: 'kick': unreferenced formal parameter
C:\Users\marcm\Downloads\New folder (3)\quake2-full\game\m_supertank.c(452,46): warning C4100: 'other': unreferenced formal parameter
C:\Users\marcm\Downloads\New folder (3)\quake2-full\game\m_supertank.c(657,94): warning C4100: 'point': unreferenced formal parameter
C:\Users\marcm\Downloads\New folder (3)\quake2-full\game\m_supertank.c(657,79): warning C4100: 'damage': unreferenced formal parameter
C:\Users\marcm\Downloads\New folder (3)\quake2-full\game\m_supertank.c(657,65): warning C4100: 'attacker': unreferenced formal parameter
C:\Users\marcm\Downloads\New folder (3)\quake2-full\game\m_supertank.c(657,45): warning C4100: 'inflictor': unreferenced formal parameter
  m_tank.c
C:\Users\marcm\Downloads\New folder (3)\quake2-full\game\m_tank.c(49,42): warning C4100: 'other': unreferenced formal parameter
C:\Users\marcm\Downloads\New folder (3)\quake2-full\game\m_tank.c(288,54): warning C4100: 'kick': unreferenced formal parameter
C:\Users\marcm\Downloads\New folder (3)\quake2-full\game\m_tank.c(288,41): warning C4100: 'other': unreferenced formal parameter
C:\Users\marcm\Downloads\New folder (3)\quake2-full\game\m_tank.c(753,89): warning C4100: 'point': unreferenced formal parameter
C:\Users\marcm\Downloads\New folder (3)\quake2-full\game\m_tank.c(753,60): warning C4100: 'attacker': unreferenced formal parameter
C:\Users\marcm\Downloads\New folder (3)\quake2-full\game\m_tank.c(753,40): warning C4100: 'inflictor': unreferenced formal parameter
C:\Users\marcm\Downloads\New folder (3)\quake2-full\game\m_tank.c(857,2): warning C4996: 'strcpy': This function or variable may be unsafe. Consider using strcpy_s instead. To disable deprecation, use _CRT_SECURE_NO_WARNINGS. See online help for details.
C:\Users\marcm\Downloads\New folder (3)\quake2-full\game\m_tank.c(922,17): warning C4189: 'end': local variable is initialized but not referenced
C:\Users\marcm\Downloads\New folder (3)\quake2-full\game\m_tank.c(922,6): warning C4189: 'start': local variable is initialized but not referenced
  p_client.c
C:\Users\marcm\Downloads\New folder (3)\quake2-full\game\p_client.c(70,42): warning C4100: 'self': unreferenced formal parameter
C:\Users\marcm\Downloads\New folder (3)\quake2-full\game\p_client.c(179,66): warning C4100: 'damage': unreferenced formal parameter
C:\Users\marcm\Downloads\New folder (3)\quake2-full\game\p_client.c(179,56): warning C4100: 'kick': unreferenced formal parameter
C:\Users\marcm\Downloads\New folder (3)\quake2-full\game\p_client.c(179,43): warning C4100: 'other': unreferenced formal parameter
C:\Users\marcm\Downloads\New folder (3)\quake2-full\game\p_client.c(179,28): warning C4100: 'self': unreferenced formal parameter
C:\Users\marcm\Downloads\New folder (3)\quake2-full\game\p_client.c(211,46): warning C4100: 'inflictor': unreferenced formal parameter
C:\Users\marcm\Downloads\New folder (3)\quake2-full\game\p_client.c(501,91): warning C4100: 'point': unreferenced formal parameter
C:\Users\marcm\Downloads\New folder (3)\quake2-full\game\p_client.c(1030,89): warning C4100: 'point': unreferenced formal parameter
C:\Users\marcm\Downloads\New folder (3)\quake2-full\game\p_client.c(1030,60): warning C4100: 'attacker': unreferenced formal parameter
C:\Users\marcm\Downloads\New folder (3)\quake2-full\game\p_client.c(1030,40): warning C4100: 'inflictor': unreferenced formal parameter
C:\Users\marcm\Downloads\New folder (3)\quake2-full\game\p_client.c(1469,3): warning C4996: 'strcpy': This function or variable may be unsafe. Consider using strcpy_s instead. To disable deprecation, use _CRT_SECURE_NO_WARNINGS. See online help for details.
C:\Users\marcm\Downloads\New folder (3)\quake2-full\game\p_client.c(1474,2): warning C4996: 'strncpy': This function or variable may be unsafe. Consider using strncpy_s instead. To disable deprecation, use _CRT_SECURE_NO_WARNINGS. See online help for details.
C:\Users\marcm\Downloads\New folder (3)\quake2-full\game\p_client.c(1514,2): warning C4996: 'strncpy': This function or variable may be unsafe. Consider using strncpy_s instead. To disable deprecation, use _CRT_SECURE_NO_WARNINGS. See online help for details.
C:\Users\marcm\Downloads\New folder (3)\quake2-full\game\p_client.c(1981,4): warning C4996: 'strcat': This function or variable may be unsafe. Consider using strcat_s instead. To disable deprecation, use _CRT_SECURE_NO_WARNINGS. See online help for details.
C:\Users\marcm\Downloads\New folder (3)\quake2-full\game\p_client.c(2069,104): warning C4047: '==': 'pokemonItem *' differs in levels of indirection from 'int'
C:\Users\marcm\Downloads\New folder (3)\quake2-full\game\p_client.c(1851,6): warning C4189: 'modPriority': local variable is initialized but not referenced
  p_hud.c
C:\Users\marcm\Downloads\New folder (3)\quake2-full\game\p_hud.c(234,4): warning C4996: 'strcpy': This function or variable may be unsafe. Consider using strcpy_s instead. To disable deprecation, use _CRT_SECURE_NO_WARNINGS. See online help for details.
C:\Users\marcm\Downloads\New folder (3)\quake2-full\game\p_hud.c(245,3): warning C4996: 'strcpy': This function or variable may be unsafe. Consider using strcpy_s instead. To disable deprecation, use _CRT_SECURE_NO_WARNINGS. See online help for details.
  p_trail.c
  p_view.c
C:\Users\marcm\Downloads\New folder (3)\quake2-full\game\p_view.c(42,27): warning C4100: 'angles': unreferenced formal parameter
  p_weapon.c
  q_shared.c
C:\Users\marcm\Downloads\New folder (3)\quake2-full\game\q_shared.c(266,40): warning C4100: 'f': unreferenced formal parameter
C:\Users\marcm\Downloads\New folder (3)\quake2-full\game\q_shared.c(312,7): warning C4459: declaration of 'i' hides global declaration
      C:\Users\marcm\Downloads\New folder (3)\quake2-full\game\q_shared.c(305,7):
      see declaration of 'i'
  
C:\Users\marcm\Downloads\New folder (3)\quake2-full\game\q_shared.c(315,9): warning C4459: declaration of 'corners' hides global declaration
      C:\Users\marcm\Downloads\New folder (3)\quake2-full\game\q_shared.c(306,9):
      see declaration of 'corners'
  
C:\Users\marcm\Downloads\New folder (3)\quake2-full\game\q_shared.c(418,86): warning C4100: 'p': unreferenced formal parameter
C:\Users\marcm\Downloads\New folder (3)\quake2-full\game\q_shared.c(418,62): warning C4100: 'emaxs': unreferenced formal parameter
C:\Users\marcm\Downloads\New folder (3)\quake2-full\game\q_shared.c(418,48): warning C4100: 'emins': unreferenced formal parameter
C:\Users\marcm\Downloads\New folder (3)\quake2-full\game\q_shared.c(658,7): warning C4459: declaration of 'i' hides global declaration
      C:\Users\marcm\Downloads\New folder (3)\quake2-full\game\q_shared.c(305,7):
      see declaration of 'i'
  
C:\Users\marcm\Downloads\New folder (3)\quake2-full\game\q_shared.c(764,7): warning C4459: declaration of 'i' hides global declaration
      C:\Users\marcm\Downloads\New folder (3)\quake2-full\game\q_shared.c(305,7):
      see declaration of 'i'
  
C:\Users\marcm\Downloads\New folder (3)\quake2-full\game\q_shared.c(841,7): warning C4459: declaration of 'i' hides global declaration
      C:\Users\marcm\Downloads\New folder (3)\quake2-full\game\q_shared.c(305,7):
      see declaration of 'i'
  
C:\Users\marcm\Downloads\New folder (3)\quake2-full\game\q_shared.c(876,3): warning C4996: 'strncpy': This function or variable may be unsafe. Consider using strncpy_s instead. To disable deprecation, use _CRT_SECURE_NO_WARNINGS. See online help for details.
C:\Users\marcm\Downloads\New folder (3)\quake2-full\game\q_shared.c(897,2): warning C4996: 'strncpy': This function or variable may be unsafe. Consider using strncpy_s instead. To disable deprecation, use _CRT_SECURE_NO_WARNINGS. See online help for details.
C:\Users\marcm\Downloads\New folder (3)\quake2-full\game\q_shared.c(923,2): warning C4996: 'strcat': This function or variable may be unsafe. Consider using strcat_s instead. To disable deprecation, use _CRT_SECURE_NO_WARNINGS. See online help for details.
C:\Users\marcm\Downloads\New folder (3)\quake2-full\game\q_shared.c(1056,2): warning C4996: 'vsprintf': This function or variable may be unsafe. Consider using vsprintf_s instead. To disable deprecation, use _CRT_SECURE_NO_WARNINGS. See online help for details.
C:\Users\marcm\Downloads\New folder (3)\quake2-full\game\q_shared.c(1163,7): warning C4459: declaration of 'i' hides global declaration
      C:\Users\marcm\Downloads\New folder (3)\quake2-full\game\q_shared.c(305,7):
      see declaration of 'i'
  
C:\Users\marcm\Downloads\New folder (3)\quake2-full\game\q_shared.c(1230,8): warning C4996: 'vsprintf': This function or variable may be unsafe. Consider using vsprintf_s instead. To disable deprecation, use _CRT_SECURE_NO_WARNINGS. See online help for details.
C:\Users\marcm\Downloads\New folder (3)\quake2-full\game\q_shared.c(1234,2): warning C4996: 'strncpy': This function or variable may be unsafe. Consider using strncpy_s instead. To disable deprecation, use _CRT_SECURE_NO_WARNINGS. See online help for details.
C:\Users\marcm\Downloads\New folder (3)\quake2-full\game\q_shared.c(1334,4): warning C4996: 'strcpy': This function or variable may be unsafe. Consider using strcpy_s instead. To disable deprecation, use _CRT_SECURE_NO_WARNINGS. See online help for details.
  Generating Code...
C:\Users\marcm\Downloads\New folder (3)\quake2-full\game\p_hud.c(423,1): warning C4701: potentially uninitialized local variable 'cells' used
     Creating library .\..\release\gamex86.lib and object .\..\release\gamex86.exp
  game.vcxproj -> C:\Users\marcm\quake2-8.50\quake2-8.50\finalproject\gamex86.dll
